Component: ARM Compiler 5.05 update 2 (build 169) Tool: armlink [4d0f33]

==============================================================================

Section Cross References

    system_mkl25z4.o(.text) refers to aeabi_sdiv.o(.text) for __aeabi_uidivmod
    system_mkl25z4.o(.text) refers to system_mkl25z4.o(i.__ARM_common_switch8) for __ARM_common_switch8
    system_mkl25z4.o(.text) refers to system_mkl25z4.o(.data) for SystemCoreClock
    startup_mkl25z4.o(STACK) refers (Special) to heapauxi.o(.text) for __use_two_region_memory
    startup_mkl25z4.o(HEAP) refers (Special) to heapauxi.o(.text) for __use_two_region_memory
    startup_mkl25z4.o(RESET) refers (Special) to heapauxi.o(.text) for __use_two_region_memory
    startup_mkl25z4.o(RESET) refers to startup_mkl25z4.o(STACK) for __initial_sp
    startup_mkl25z4.o(RESET) refers to startup_mkl25z4.o(.text) for Reset_Handler
    startup_mkl25z4.o(RESET) refers to blinky.o(.text) for SysTick_Handler
    startup_mkl25z4.o(.ARM.__at_0x400) refers (Special) to heapauxi.o(.text) for __use_two_region_memory
    startup_mkl25z4.o(.text) refers (Special) to heapauxi.o(.text) for __use_two_region_memory
    startup_mkl25z4.o(.text) refers to system_mkl25z4.o(.text) for SystemInit
    startup_mkl25z4.o(.text) refers to __main.o(!!!main) for __main
    startup_mkl25z4.o(.text) refers to startup_mkl25z4.o(HEAP) for Heap_Mem
    startup_mkl25z4.o(.text) refers to startup_mkl25z4.o(STACK) for Stack_Mem
    blinky.o(.text) refers to faddsub.o(x$fpl$fadd) for __aeabi_fadd
    blinky.o(.text) refers to fdiv.o(.text) for __aeabi_fdiv
    blinky.o(.text) refers to faddsub.o(x$fpl$fsub) for __aeabi_fsub
    blinky.o(.text) refers to f2d.o(.text) for __aeabi_f2d
    blinky.o(.text) refers to pow.o(i.pow) for pow
    blinky.o(.text) refers to daddsub.o(.text) for __aeabi_dadd
    blinky.o(.text) refers to d2f.o(.text) for __aeabi_d2f
    blinky.o(.text) refers to sqrt.o(i.sqrt) for sqrt
    blinky.o(.text) refers to mkl25z_i2c.o(.text) for I2C_configure
    blinky.o(.text) refers to dflti.o(.text) for __aeabi_i2d
    blinky.o(.text) refers to ddiv.o(.text) for __aeabi_ddiv
    blinky.o(.text) refers to acos.o(i.acos) for acos
    blinky.o(.text) refers to blinky.o(.bss) for x_values
    blinky.o(.text) refers to frlef.o(x$fpl$frleqf) for __aeabi_cfrcmple
    blinky.o(.text) refers to __2sprintf.o(.text) for __2sprintf
    blinky.o(.text) refers to uart.o(.text) for uart0_putchar
    blinky.o(.text) refers to system_mkl25z4.o(.text) for SystemCoreClockUpdate
    blinky.o(.text) refers to aeabi_sdiv.o(.text) for __aeabi_uidivmod
    blinky.o(.text) refers to blinky.o(.data) for msTicks
    blinky.o(.text) refers to system_mkl25z4.o(.data) for SystemCoreClock
    uart.o(.text) refers to aeabi_sdiv.o(.text) for __aeabi_idivmod
    vector.o(.text) refers to h1_alloc.o(.text) for malloc
    vector.o(.text) refers to h1_realloc.o(.text) for realloc
    vector.o(.text) refers to h1_free.o(.text) for free
    malloc.o(.text) refers (Special) to hguard.o(.text) for __heap$guard
    malloc.o(.text) refers (Special) to init_alloc.o(.text) for _init_alloc
    malloc.o(.text) refers to rt_heap_descriptor_intlibspace.o(.text) for __rt_heap_descriptor
    free.o(.text) refers (Special) to hguard.o(.text) for __heap$guard
    free.o(.text) refers to rt_heap_descriptor_intlibspace.o(.text) for __rt_heap_descriptor
    realloc.o(.text) refers (Special) to hguard.o(.text) for __heap$guard
    realloc.o(.text) refers to rt_heap_descriptor_intlibspace.o(.text) for __rt_heap_descriptor
    realloc.o(.text) refers to h1_free.o(.text) for free
    realloc.o(.text) refers to h1_alloc.o(.text) for malloc
    h1_alloc.o(.text) refers (Special) to h1_init.o(.text) for __Heap_Initialize
    h1_alloc.o(.text) refers to rt_heap_descriptor_intlibspace.o(.text) for __rt_heap_descriptor
    h1_alloc.o(.text) refers to init_alloc.o(.text) for __Heap_Full
    h1_free.o(.text) refers to rt_heap_descriptor_intlibspace.o(.text) for __rt_heap_descriptor
    h1_realloc.o(.text) refers to rt_heap_descriptor_intlibspace.o(.text) for __rt_heap_descriptor
    h1_realloc.o(.text) refers to h1_free.o(.text) for free
    h1_realloc.o(.text) refers to h1_alloc.o(.text) for malloc
    h1_realloc.o(.text) refers to rt_memcpy.o(.emb_text) for __aeabi_memcpy4
    h1_alloc_mt.o(.text) refers (Special) to h1_init.o(.text) for __Heap_Initialize
    h1_alloc_mt.o(.text) refers to init_alloc.o(.text) for __Heap_Full
    h1_alloc_mt.o(.text) refers to rt_heap_descriptor_intlibspace.o(.text) for __rt_heap_descriptor
    h1_free_mt.o(.text) refers to rt_heap_descriptor_intlibspace.o(.text) for __rt_heap_descriptor
    h1_realloc_mt.o(.text) refers to rt_heap_descriptor_intlibspace.o(.text) for __rt_heap_descriptor
    h1_realloc_mt.o(.text) refers to h1_free.o(.text) for free
    h1_realloc_mt.o(.text) refers to h1_alloc.o(.text) for malloc
    h1_realloc_mt.o(.text) refers to h1_free_mt.o(.text) for _free_internal
[...]
    heap2mt.o(i._posix_memalign$realtime$concurrent) refers to init_alloc.o(.text) for __Heap_Full
    heap2mt.o(i._posix_memalign$realtime$concurrent) refers to fdtree.o(i._FDTree_RemoveNode) for _FDTree_RemoveNode
    heap2mt.o(i._posix_memalign$realtime$concurrent) refers to fdtree.o(i._FDTree_Insert) for _FDTree_Insert
    heap2mt.o(i._realloc$realtime$concurrent) refers to rt_heap_descriptor_intlibspace.o(.text) for __rt_heap_descriptor
    heap2mt.o(i._realloc$realtime$concurrent) refers to h1_free.o(.text) for free
    heap2mt.o(i._realloc$realtime$concurrent) refers to h1_alloc.o(.text) for malloc
    heap2mt.o(i._realloc$realtime$concurrent) refers to fdtree.o(i._FDTree_Delete) for _FDTree_Delete
    heap2mt.o(i._realloc$realtime$concurrent) refers to fdtree.o(i._FDTree_Insert) for _FDTree_Insert
    heap2mt.o(i._realloc$realtime$concurrent) refers to rt_memcpy.o(.emb_text) for __aeabi_memcpy4
    __2sprintf.o(.text) refers to _printf_char_common.o(.text) for _printf_char_common
    __2sprintf.o(.text) refers to _sputc.o(.text) for _sputc
    noretval__2sprintf.o(.text) refers to _printf_char_common.o(.text) for _printf_char_common
    noretval__2sprintf.o(.text) refers to _sputc.o(.text) for _sputc
    __main.o(!!!main) refers to __rtentry.o(.ARM.Collect$$rtentry$$00000000) for __rt_entry
    d2f.o(.text) refers (Special) to usenofp.o(x$fpl$usenofp) for __I$use$fp
    daddsub.o(.text) refers (Special) to usenofp.o(x$fpl$usenofp) for __I$use$fp
    ddiv.o(.text) refers (Special) to usenofp.o(x$fpl$usenofp) for __I$use$fp
    ddiv.o(.text) refers to ddiv.o(.constdata) for .constdata
    ddiv.o(.constdata) refers (Special) to usenofp.o(x$fpl$usenofp) for __I$use$fp
    dflti.o(.text) refers (Special) to usenofp.o(x$fpl$usenofp) for __I$use$fp
    f2d.o(.text) refers (Special) to usenofp.o(x$fpl$usenofp) for __I$use$fp
    faddsub.o(x$fpl$fadd) refers (Special) to usenofp.o(x$fpl$usenofp) for __I$use$fp
    faddsub.o(x$fpl$fadd) refers to faddsub.o(x$fpl$fsub) for _fsub1
    faddsub.o(x$fpl$frsb) refers (Special) to usenofp.o(x$fpl$usenofp) for __I$use$fp
    faddsub.o(x$fpl$frsb) refers to faddsub.o(x$fpl$fsub) for _fsub1
    faddsub.o(x$fpl$frsb) refers to faddsub.o(x$fpl$fadd) for _fadd1
    faddsub.o(x$fpl$fsub) refers (Special) to usenofp.o(x$fpl$usenofp) for __I$use$fp
    faddsub.o(x$fpl$fsub) refers to faddsub.o(x$fpl$fadd) for _fadd1
    fdiv.o(.text) refers (Special) to usenofp.o(x$fpl$usenofp) for __I$use$fp
    fdiv.o(.text) refers to fdiv.o(.constdata) for .constdata
    fdiv.o(.constdata) refers (Special) to usenofp.o(x$fpl$usenofp) for __I$use$fp
    frlef.o(x$fpl$frleqf) refers (Special) to usenofp.o(x$fpl$usenofp) for __I$use$fp
    frlef.o(x$fpl$frleqf) refers to fcmpin.o(.text) for __fpl_fcmp_InfNaN
    acos.o(i.__softfp_acos) refers (Special) to usenofp.o(x$fpl$usenofp) for __I$use$fp
    acos.o(i.__softfp_acos) refers to acos.o(i.acos) for acos
    acos.o(i.acos) refers (Special) to usenofp.o(x$fpl$usenofp) for __I$use$fp
    acos.o(i.acos) refers to dunder.o(i.__mathlib_dbl_infnan) for __mathlib_dbl_infnan
    acos.o(i.acos) refers to _rserrno.o(.text) for __set_errno
    acos.o(i.acos) refers to dunder.o(i.__mathlib_dbl_invalid) for __mathlib_dbl_invalid
    acos.o(i.acos) refers to dmul.o(.text) for __aeabi_dmul
    acos.o(i.acos) refers to poly.o(i.__kernel_poly) for __kernel_poly
    acos.o(i.acos) refers to daddsub.o(.text) for __aeabi_dadd
    acos.o(i.acos) refers to ddiv.o(.text) for __aeabi_ddiv
    acos.o(i.acos) refers to dscalbn.o(.text) for __ARM_scalbn
    acos.o(i.acos) refers to sqrt.o(i.sqrt) for sqrt
    acos.o(i.acos) refers to acos.o(.constdata) for .constdata
    acos.o(.constdata) refers (Special) to usenofp.o(x$fpl$usenofp) for __I$use$fp
    acos_x.o(i.____softfp_acos$lsc) refers (Special) to usenofp.o(x$fpl$usenofp) for __I$use$fp
    acos_x.o(i.____softfp_acos$lsc) refers to acos_x.o(i.__acos$lsc) for __acos$lsc
    acos_x.o(i.__acos$lsc) refers (Special) to usenofp.o(x$fpl$usenofp) for __I$use$fp
    acos_x.o(i.__acos$lsc) refers to dunder.o(i.__mathlib_dbl_infnan) for __mathlib_dbl_infnan
    acos_x.o(i.__acos$lsc) refers to _rserrno.o(.text) for __set_errno
    acos_x.o(i.__acos$lsc) refers to dmul.o(.text) for __aeabi_dmul
    acos_x.o(i.__acos$lsc) refers to poly.o(i.__kernel_poly) for __kernel_poly
    acos_x.o(i.__acos$lsc) refers to daddsub.o(.text) for __aeabi_dadd
    acos_x.o(i.__acos$lsc) refers to ddiv.o(.text) for __aeabi_ddiv
    acos_x.o(i.__acos$lsc) refers to dscalbn.o(.text) for __ARM_scalbn
    acos_x.o(i.__acos$lsc) refers to sqrt.o(i.sqrt) for sqrt
    acos_x.o(i.__acos$lsc) refers to acos_x.o(.constdata) for .constdata
    acos_x.o(.constdata) refers (Special) to usenofp.o(x$fpl$usenofp) for __I$use$fp
    pow.o(i.__softfp_pow) refers (Special) to usenofp.o(x$fpl$usenofp) for __I$use$fp
    pow.o(i.__softfp_pow) refers to pow.o(i.pow) for pow
    pow.o(i.pow) refers (Special) to usenofp.o(x$fpl$usenofp) for __I$use$fp
    pow.o(i.pow) refers to dunder.o(i.__mathlib_dbl_infnan2) for __mathlib_dbl_infnan2
    pow.o(i.pow) refers to _rserrno.o(.text) for __set_errno
    pow.o(i.pow) refers to dunder.o(i.__mathlib_dbl_divzero) for __mathlib_dbl_divzero
    pow.o(i.pow) refers to ddiv.o(.text) for __aeabi_ddiv
    pow.o(i.pow) refers to sqrt.o(i.sqrt) for sqrt
    pow.o(i.pow) refers to dunder.o(i.__mathlib_dbl_invalid) for __mathlib_dbl_invalid
    pow.o(i.pow) refers to dunder.o(i.__mathlib_dbl_overflow) for __mathlib_dbl_overflow
    pow.o(i.pow) refers to dunder.o(i.__mathlib_dbl_underflow) for __mathlib_dbl_underflow
    pow.o(i.pow) refers to daddsub.o(.text) for __aeabi_dsub
    pow.o(i.pow) refers to dscalbn.o(.text) for __ARM_scalbn
    pow.o(i.pow) refers to dmul.o(.text) for __aeabi_dmul
    pow.o(i.pow) refers to qnan.o(.constdata) for __mathlib_zero
    pow.o(i.pow) refers to pow.o(.constdata) for .constdata
    pow.o(i.pow) refers to poly.o(i.__kernel_poly) for __kernel_poly
    pow.o(i.pow) refers to dflti.o(.text) for __aeabi_i2d
    pow.o(i.pow) refers to drlef.o(x$fpl$drleqf) for __aeabi_cdrcmple
    pow.o(i.pow) refers to fpclassify.o(i.__ARM_fpclassify) for __ARM_fpclassify
    pow.o(.constdata) refers (Special) to usenofp.o(x$fpl$usenofp) for __I$use$fp
    pow_x.o(i.____softfp_pow$lsc) refers (Special) to usenofp.o(x$fpl$usenofp) for __I$use$fp
    pow_x.o(i.____softfp_pow$lsc) refers to pow_x.o(i.__pow$lsc) for __pow$lsc
    pow_x.o(i.__pow$lsc) refers (Special) to usenofp.o(x$fpl$usenofp) for __I$use$fp
    pow_x.o(i.__pow$lsc) refers to dunder.o(i.__mathlib_dbl_infnan2) for __mathlib_dbl_infnan2
    pow_x.o(i.__pow$lsc) refers to _rserrno.o(.text) for __set_errno
    pow_x.o(i.__pow$lsc) refers to ddiv.o(.text) for __aeabi_ddiv
    pow_x.o(i.__pow$lsc) refers to sqrt.o(i.sqrt) for sqrt
    pow_x.o(i.__pow$lsc) refers to dflti.o(.text) for __aeabi_i2d
    pow_x.o(i.__pow$lsc) refers to daddsub.o(.text) for __aeabi_dsub
    pow_x.o(i.__pow$lsc) refers to dscalbn.o(.text) for __ARM_scalbn
    pow_x.o(i.__pow$lsc) refers to dmul.o(.text) for __aeabi_dmul
    pow_x.o(i.__pow$lsc) refers to qnan.o(.constdata) for __mathlib_zero
    pow_x.o(i.__pow$lsc) refers to poly.o(i.__kernel_poly) for __kernel_poly
    pow_x.o(i.__pow$lsc) refers to drlef.o(x$fpl$drleqf) for __aeabi_cdrcmple
    pow_x.o(i.__pow$lsc) refers to pow_x.o(.constdata) for .constdata
    pow_x.o(.constdata) refers (Special) to usenofp.o(x$fpl$usenofp) for __I$use$fp
    sqrt.o(i.__softfp_sqrt) refers (Special) to usenofp.o(x$fpl$usenofp) for __I$use$fp
    sqrt.o(i.__softfp_sqrt) refers to dsqrt.o(.text) for _dsqrt
    sqrt.o(i.__softfp_sqrt) refers to _rserrno.o(.text) for __set_errno
    sqrt.o(i.sqrt) refers (Special) to usenofp.o(x$fpl$usenofp) for __I$use$fp
    sqrt.o(i.sqrt) refers to dsqrt.o(.text) for _dsqrt
    sqrt.o(i.sqrt) refers to _rserrno.o(.text) for __set_errno
    sqrt_x.o(i.____softfp_sqrt$lsc) refers (Special) to usenofp.o(x$fpl$usenofp) for __I$use$fp
    sqrt_x.o(i.____softfp_sqrt$lsc) refers to dlef.o(x$fpl$dleqf) for __aeabi_cdcmple
    sqrt_x.o(i.____softfp_sqrt$lsc) refers to _rserrno.o(.text) for __set_errno
    sqrt_x.o(i.____softfp_sqrt$lsc) refers to dsqrt.o(.text) for _dsqrt
    sqrt_x.o(i.__sqrt$lsc) refers (Special) to usenofp.o(x$fpl$usenofp) for __I$use$fp
    sqrt_x.o(i.__sqrt$lsc) refers to dlef.o(x$fpl$dleqf) for __aeabi_cdcmple
    sqrt_x.o(i.__sqrt$lsc) refers to _rserrno.o(.text) for __set_errno
    sqrt_x.o(i.__sqrt$lsc) refers to dsqrt.o(.text) for _dsqrt
    __rtentry.o(.ARM.Collect$$rtentry$$00000000) refers (Special) to __rtentry2.o(.ARM.Collect$$rtentry$$0000000A) for __rt_entry_li
    __rtentry.o(.ARM.Collect$$rtentry$$00000000) refers (Special) to __rtentry2.o(.ARM.Collect$$rtentry$$0000000D) for __rt_entry_main
    __rtentry.o(.ARM.Collect$$rtentry$$00000000) refers (Special) to __rtentry2.o(.ARM.Collect$$rtentry$$0000000C) for __rt_entry_postli_1
    __rtentry.o(.ARM.Collect$$rtentry$$00000000) refers (Special) to __rtentry2.o(.ARM.Collect$$rtentry$$00000009) for __rt_entry_postsh_1
    __rtentry.o(.ARM.Collect$$rtentry$$00000000) refers (Special) to __rtentry2.o(.ARM.Collect$$rtentry$$00000002) for __rt_entry_presh_1
    __rtentry.o(.ARM.Collect$$rtentry$$00000000) refers (Special) to __rtentry4.o(.ARM.Collect$$rtentry$$00000004) for __rt_entry_sh
    aeabi_idiv0_sigfpe.o(.text) refers to rt_div0.o(.text) for __rt_div0
    rt_heap_descriptor.o(.text) refers to rt_heap_descriptor.o(.bss) for __rt_heap_descriptor_data
    rt_heap_descriptor_intlibspace.o(.text) refers to libspace.o(.bss) for __libspace_start
    init_alloc.o(.text) refers (Special) to hguard.o(.text) for __heap$guard
    init_alloc.o(.text) refers (Special) to libinit2.o(.ARM.Collect$$libinit$$00000005) for __rt_lib_init_heap_2
    init_alloc.o(.text) refers (Special) to maybetermalloc1.o(.emb_text) for _maybe_terminate_alloc
    init_alloc.o(.text) refers to h1_extend.o(.text) for __Heap_ProvideMemory
    init_alloc.o(.text) refers to defsig_rtmem_outer.o(.text) for __rt_SIGRTMEM
    init_alloc.o(.text) refers to rt_heap_descriptor_intlibspace.o(.text) for __rt_heap_descriptor
    init_alloc.o(.text) refers to h1_init.o(.text) for __Heap_Initialize
    _rserrno.o(.text) refers to rt_errno_addr_intlibspace.o(.text) for __aeabi_errno_addr
    _printf_char_common.o(.text) refers to __printf_nopercent.o(.text) for __printf
    rt_memcpy.o(.text) refers to rt_memcpy.o(.emb_text) for __aeabi_memcpy4
    _get_argv.o(.text) refers (Special) to hrguard.o(.text) for __heap_region$guard
    _get_argv.o(.text) refers to h1_alloc.o(.text) for malloc
    _get_argv.o(.text) refers to defsig_rtmem_outer.o(.text) for __rt_SIGRTMEM
    _get_argv.o(.text) refers to sys_command.o(.text) for _sys_command_string
    libinit2.o(.ARM.Collect$$libinit$$00000005) refers (Weak) to init_alloc.o(.text) for _init_alloc
    libinit2.o(.ARM.Collect$$libinit$$00000010) refers to libinit2.o(.ARM.Collect$$libinit$$0000000F) for .ARM.Collect$$libinit$$0000000F
    libinit2.o(.ARM.Collect$$libinit$$00000012) refers to libinit2.o(.ARM.Collect$$libinit$$0000000F) for .ARM.Collect$$libinit$$0000000F
    libinit2.o(.ARM.Collect$$libinit$$00000014) refers to libinit2.o(.ARM.Collect$$libinit$$0000000F) for .ARM.Collect$$libinit$$0000000F
    libinit2.o(.ARM.Collect$$libinit$$00000016) refers to libinit2.o(.ARM.Collect$$libinit$$0000000F) for .ARM.Collect$$libinit$$0000000F
    libinit2.o(.ARM.Collect$$libinit$$00000018) refers to libinit2.o(.ARM.Collect$$libinit$$0000000F) for .ARM.Collect$$libinit$$0000000F
    libinit2.o(.ARM.Collect$$libinit$$00000026) refers to argv_veneer.o(.text) for __ARM_argv_veneer
    libinit2.o(.ARM.Collect$$libinit$$00000027) refers to argv_veneer.o(.text) for __ARM_argv_veneer
    dlef.o(x$fpl$dleqf) refers (Special) to usenofp.o(x$fpl$usenofp) for __I$use$fp
    dlef.o(x$fpl$dleqf) refers to dcmpin.o(.text) for __fpl_dcmp_InfNaN
    dmul.o(.text) refers (Special) to usenofp.o(x$fpl$usenofp) for __I$use$fp
    drlef.o(x$fpl$drleqf) refers (Special) to usenofp.o(x$fpl$usenofp) for __I$use$fp
    drlef.o(x$fpl$drleqf) refers to dcmpin.o(.text) for __fpl_dcmp_InfNaN
    dscalbn.o(.text) refers (Special) to usenofp.o(x$fpl$usenofp) for __I$use$fp
    dsqrt.o(.text) refers (Special) to usenofp.o(x$fpl$usenofp) for __I$use$fp
    fcmpin.o(.text) refers (Special) to usenofp.o(x$fpl$usenofp) for __I$use$fp
    fcmpin.o(.text) refers to cmpret.o(.text) for __fpl_cmpreturn
    fcmpin.o(.text) refers to fnan2.o(.text) for __fpl_fcheck_NaN2
    dunder.o(i.__mathlib_dbl_divzero) refers to ddiv.o(.text) for __aeabi_ddiv
    dunder.o(i.__mathlib_dbl_infnan) refers to dscalbn.o(.text) for __ARM_scalbn
    dunder.o(i.__mathlib_dbl_infnan2) refers to daddsub.o(.text) for __aeabi_dadd
    dunder.o(i.__mathlib_dbl_invalid) refers to ddiv.o(.text) for __aeabi_ddiv
    dunder.o(i.__mathlib_dbl_overflow) refers to dscalbn.o(.text) for __ARM_scalbn
    dunder.o(i.__mathlib_dbl_posinfnan) refers to dmul.o(.text) for __aeabi_dmul
    dunder.o(i.__mathlib_dbl_underflow) refers to dscalbn.o(.text) for __ARM_scalbn
    fpclassify.o(i.__ARM_fpclassify) refers (Special) to usenofp.o(x$fpl$usenofp) for __I$use$fp
    poly.o(i.__kernel_poly) refers (Special) to usenofp.o(x$fpl$usenofp) for __I$use$fp
    poly.o(i.__kernel_poly) refers to dmul.o(.text) for __aeabi_dmul
    poly.o(i.__kernel_poly) refers to daddsub.o(.text) for __aeabi_dadd
    qnan.o(.constdata) refers (Special) to usenofp.o(x$fpl$usenofp) for __I$use$fp
    sys_command.o(.text) refers (Special) to use_no_semi.o(.text) for __I$use$semihosting
    sys_command.o(.text) refers (Special) to indicate_semi.o(.text) for __semihosting_library_function
    libspace.o(.text) refers to libspace.o(.bss) for __libspace_start
    __rtentry2.o(.ARM.Collect$$rtentry$$00000008) refers to boardinit2.o(.text) for _platform_post_stackheap_init
    __rtentry2.o(.ARM.Collect$$rtentry$$0000000A) refers to libinit.o(.ARM.Collect$$libinit$$00000000) for __rt_lib_init
    __rtentry2.o(.ARM.Collect$$rtentry$$0000000B) refers to boardinit3.o(.text) for _platform_post_lib_init
    __rtentry2.o(.ARM.Collect$$rtentry$$0000000D) refers to blinky.o(.text) for main
    __rtentry2.o(.ARM.Collect$$rtentry$$0000000D) refers to exit.o(.text) for exit
    __rtentry2.o(.ARM.exidx) refers to __rtentry2.o(.ARM.Collect$$rtentry$$00000001) for .ARM.Collect$$rtentry$$00000001
    __rtentry2.o(.ARM.exidx) refers to __rtentry2.o(.ARM.Collect$$rtentry$$00000008) for .ARM.Collect$$rtentry$$00000008
    __rtentry2.o(.ARM.exidx) refers to __rtentry2.o(.ARM.Collect$$rtentry$$0000000A) for .ARM.Collect$$rtentry$$0000000A
    __rtentry2.o(.ARM.exidx) refers to __rtentry2.o(.ARM.Collect$$rtentry$$0000000B) for .ARM.Collect$$rtentry$$0000000B
    __rtentry2.o(.ARM.exidx) refers to __rtentry2.o(.ARM.Collect$$rtentry$$0000000D) for .ARM.Collect$$rtentry$$0000000D
    __rtentry4.o(.ARM.Collect$$rtentry$$00000004) refers to sys_stackheap_outer.o(.text) for __user_setup_stackheap
    __rtentry4.o(.ARM.exidx) refers to __rtentry4.o(.ARM.Collect$$rtentry$$00000004) for .ARM.Collect$$rtentry$$00000004
    rt_div0.o(.text) refers to defsig_fpe_outer.o(.text) for __rt_SIGFPE
    rt_errno_addr.o(.text) refers to rt_errno_addr.o(.bss) for __aeabi_errno_addr_data
    rt_errno_addr_intlibspace.o(.text) refers to libspace.o(.bss) for __libspace_start
    maybetermalloc2.o(.emb_text) refers (Special) to term_alloc.o(.text) for _terminate_alloc
    h1_extend.o(.text) refers to h1_free.o(.text) for free
    h1_extend_mt.o(.text) refers to h1_free_mt.o(.text) for _free_internal
    defsig_rtmem_outer.o(.text) refers to defsig_rtmem_inner.o(.text) for __rt_SIGRTMEM_inner
    defsig_rtmem_outer.o(.text) refers to defsig_exit.o(.text) for __sig_exit
    defsig_rtmem_formal.o(.text) refers to rt_raise.o(.text) for __rt_raise
    heapauxa.o(.text) refers to heapauxa.o(.data) for .data
    cmpret.o(.text) refers (Special) to usenofp.o(x$fpl$usenofp) for __I$use$fp
    dcmpin.o(.text) refers (Special) to usenofp.o(x$fpl$usenofp) for __I$use$fp
    dcmpin.o(.text) refers to cmpret.o(.text) for __fpl_cmpreturn
    dcmpin.o(.text) refers to dnan2.o(.text) for __fpl_dcheck_NaN2
    fnan2.o(.text) refers (Special) to usenofp.o(x$fpl$usenofp) for __I$use$fp
    fnan2.o(.text) refers to retnan.o(.text) for __fpl_return_NaN
    sys_stackheap_outer.o(.text) refers to libspace.o(.text) for __user_perproc_libspace
    sys_stackheap_outer.o(.text) refers to startup_mkl25z4.o(.text) for __user_initial_stackheap
    sys_stackheap_outer.o(__vectab_stack_and_reset_area) refers to tempstk.o(.text) for __temporary_stack_top
    sys_stackheap_outer.o(__vectab_stack_and_reset_area) refers to __main.o(!!!main) for __main
    rt_raise.o(.text) refers to __raise.o(.text) for __raise
    rt_raise.o(.text) refers to sys_exit.o(.text) for _sys_exit
    term_alloc.o(.text) refers (Special) to libshutdown2.o(.ARM.Collect$$libshutdown$$0000000D) for __rt_lib_shutdown_heap_2
    term_alloc.o(.text) refers to rt_heap_descriptor_intlibspace.o(.text) for __rt_heap_descriptor
    exit.o(.text) refers to rtexit.o(.ARM.Collect$$rtexit$$00000000) for __rt_exit
    defsig_exit.o(.text) refers to sys_exit.o(.text) for _sys_exit
    defsig_fpe_outer.o(.text) refers to defsig_fpe_inner.o(.text) for __rt_SIGFPE_inner
    defsig_fpe_outer.o(.text) refers to defsig_exit.o(.text) for __sig_exit
    defsig_fpe_formal.o(.text) refers to rt_raise.o(.text) for __rt_raise
    defsig_rtmem_inner.o(.text) refers to defsig_general.o(.text) for __default_signal_display
    _get_argv_nomalloc.o(.text) refers (Special) to hrguard.o(.text) for __heap_region$guard
    _get_argv_nomalloc.o(.text) refers to defsig_rtmem_outer.o(.text) for __rt_SIGRTMEM
    _get_argv_nomalloc.o(.text) refers to sys_command.o(.text) for _sys_command_string
    libinit.o(.ARM.Collect$$libinit$$00000000) refers (Special) to libinit2.o(.ARM.Collect$$libinit$$0000002E) for __rt_lib_init_alloca_1
    libinit.o(.ARM.Collect$$libinit$$00000000) refers (Special) to libinit2.o(.ARM.Collect$$libinit$$0000002C) for __rt_lib_init_argv_1
    libinit.o(.ARM.Collect$$libinit$$00000000) refers (Special) to libinit2.o(.ARM.Collect$$libinit$$0000001B) for __rt_lib_init_atexit_1
    libinit.o(.ARM.Collect$$libinit$$00000000) refers (Special) to libinit2.o(.ARM.Collect$$libinit$$00000021) for __rt_lib_init_clock_1
    libinit.o(.ARM.Collect$$libinit$$00000000) refers (Special) to libinit2.o(.ARM.Collect$$libinit$$00000032) for __rt_lib_init_cpp_1
    libinit.o(.ARM.Collect$$libinit$$00000000) refers (Special) to libinit2.o(.ARM.Collect$$libinit$$00000030) for __rt_lib_init_exceptions_1
    libinit.o(.ARM.Collect$$libinit$$00000000) refers (Special) to libinit2.o(.ARM.Collect$$libinit$$00000002) for __rt_lib_init_fp_1
    libinit.o(.ARM.Collect$$libinit$$00000000) refers (Special) to libinit2.o(.ARM.Collect$$libinit$$0000001F) for __rt_lib_init_fp_trap_1
    libinit.o(.ARM.Collect$$libinit$$00000000) refers (Special) to libinit2.o(.ARM.Collect$$libinit$$00000023) for __rt_lib_init_getenv_1
    libinit.o(.ARM.Collect$$libinit$$00000000) refers (Special) to libinit2.o(.ARM.Collect$$libinit$$0000000A) for __rt_lib_init_heap_1
    libinit.o(.ARM.Collect$$libinit$$00000000) refers (Special) to libinit2.o(.ARM.Collect$$libinit$$00000011) for __rt_lib_init_lc_collate_1
    libinit.o(.ARM.Collect$$libinit$$00000000) refers (Special) to libinit2.o(.ARM.Collect$$libinit$$00000013) for __rt_lib_init_lc_ctype_1
    libinit.o(.ARM.Collect$$libinit$$00000000) refers (Special) to libinit2.o(.ARM.Collect$$libinit$$00000015) for __rt_lib_init_lc_monetary_1
    libinit.o(.ARM.Collect$$libinit$$00000000) refers (Special) to libinit2.o(.ARM.Collect$$libinit$$00000017) for __rt_lib_init_lc_numeric_1
    libinit.o(.ARM.Collect$$libinit$$00000000) refers (Special) to libinit2.o(.ARM.Collect$$libinit$$00000019) for __rt_lib_init_lc_time_1
    libinit.o(.ARM.Collect$$libinit$$00000000) refers (Special) to libinit2.o(.ARM.Collect$$libinit$$00000004) for __rt_lib_init_preinit_1
    libinit.o(.ARM.Collect$$libinit$$00000000) refers (Special) to libinit2.o(.ARM.Collect$$libinit$$0000000E) for __rt_lib_init_rand_1
    libinit.o(.ARM.Collect$$libinit$$00000000) refers (Special) to libinit2.o(.ARM.Collect$$libinit$$00000033) for __rt_lib_init_return
    libinit.o(.ARM.Collect$$libinit$$00000000) refers (Special) to libinit2.o(.ARM.Collect$$libinit$$0000001D) for __rt_lib_init_signal_1
    libinit.o(.ARM.Collect$$libinit$$00000000) refers (Special) to libinit2.o(.ARM.Collect$$libinit$$00000025) for __rt_lib_init_stdio_1
    libinit.o(.ARM.Collect$$libinit$$00000000) refers (Special) to libinit2.o(.ARM.Collect$$libinit$$0000000C) for __rt_lib_init_user_alloc_1
    dnan2.o(.text) refers (Special) to usenofp.o(x$fpl$usenofp) for __I$use$fp
    dnan2.o(.text) refers to retnan.o(.text) for __fpl_return_NaN
    retnan.o(.text) refers (Special) to usenofp.o(x$fpl$usenofp) for __I$use$fp
    retnan.o(.text) refers to cmpret.o(.text) for __fpl_cmpreturn
    sys_exit.o(.text) refers (Special) to use_no_semi.o(.text) for __I$use$semihosting
    sys_exit.o(.text) refers (Special) to indicate_semi.o(.text) for __semihosting_library_function
    rtexit.o(.ARM.Collect$$rtexit$$00000000) refers (Special) to rtexit2.o(.ARM.Collect$$rtexit$$00000004) for __rt_exit_exit
    rtexit.o(.ARM.Collect$$rtexit$$00000000) refers (Special) to rtexit2.o(.ARM.Collect$$rtexit$$00000003) for __rt_exit_ls
    rtexit.o(.ARM.Collect$$rtexit$$00000000) refers (Special) to rtexit2.o(.ARM.Collect$$rtexit$$00000002) for __rt_exit_prels_1
    rtexit.o(.ARM.exidx) refers (Special) to rtexit2.o(.ARM.Collect$$rtexit$$00000004) for __rt_exit_exit
    rtexit.o(.ARM.exidx) refers (Special) to rtexit2.o(.ARM.Collect$$rtexit$$00000003) for __rt_exit_ls
    rtexit.o(.ARM.exidx) refers (Special) to rtexit2.o(.ARM.Collect$$rtexit$$00000002) for __rt_exit_prels_1
    rtexit.o(.ARM.exidx) refers to rtexit.o(.ARM.Collect$$rtexit$$00000000) for .ARM.Collect$$rtexit$$00000000
    __raise.o(.text) refers to defsig.o(CL$$defsig) for __default_signal_handler
    defsig_general.o(.text) refers to sys_wrch.o(.text) for _ttywrch
    defsig_fpe_inner.o(.text) refers to defsig_general.o(.text) for __default_signal_display
    libshutdown2.o(.ARM.Collect$$libshutdown$$0000000C) refers (Weak) to term_alloc.o(.text) for _terminate_alloc
    sys_wrch.o(.text) refers (Special) to use_no_semi.o(.text) for __I$use$semihosting
    sys_wrch.o(.text) refers (Special) to indicate_semi.o(.text) for __semihosting_library_function
    rtexit2.o(.ARM.Collect$$rtexit$$00000003) refers to libshutdown.o(.ARM.Collect$$libshutdown$$00000000) for __rt_lib_shutdown
    rtexit2.o(.ARM.Collect$$rtexit$$00000004) refers to sys_exit.o(.text) for _sys_exit
    rtexit2.o(.ARM.exidx) refers to rtexit2.o(.ARM.Collect$$rtexit$$00000001) for .ARM.Collect$$rtexit$$00000001
    rtexit2.o(.ARM.exidx) refers to rtexit2.o(.ARM.Collect$$rtexit$$00000003) for .ARM.Collect$$rtexit$$00000003
    rtexit2.o(.ARM.exidx) refers to rtexit2.o(.ARM.Collect$$rtexit$$00000004) for .ARM.Collect$$rtexit$$00000004
    defsig.o(CL$$defsig) refers to defsig_fpe_inner.o(.text) for __rt_SIGFPE_inner
    defsig.o(CL$$defsig) refers to defsig_rtmem_inner.o(.text) for __rt_SIGRTMEM_inner
    defsig_abrt_inner.o(.text) refers to defsig_general.o(.text) for __default_signal_display
    defsig_rtred_inner.o(.text) refers to defsig_general.o(.text) for __default_signal_display
    defsig_stak_inner.o(.text) refers to defsig_general.o(.text) for __default_signal_display
    defsig_pvfn_inner.o(.text) refers to defsig_general.o(.text) for __default_signal_display
    defsig_cppl_inner.o(.text) refers to defsig_general.o(.text) for __default_signal_display
    defsig_segv_inner.o(.text) refers to defsig_general.o(.text) for __default_signal_display
    defsig_other.o(.text) refers to defsig_general.o(.text) for __default_signal_display
    libshutdown.o(.ARM.Collect$$libshutdown$$00000000) refers (Special) to libshutdown2.o(.ARM.Collect$$libshutdown$$00000006) for __rt_lib_shutdown_fp_trap_1
    libshutdown.o(.ARM.Collect$$libshutdown$$00000000) refers (Special) to libshutdown2.o(.ARM.Collect$$libshutdown$$0000000E) for __rt_lib_shutdown_heap_1
    libshutdown.o(.ARM.Collect$$libshutdown$$00000000) refers (Special) to libshutdown2.o(.ARM.Collect$$libshutdown$$0000000F) for __rt_lib_shutdown_return
    libshutdown.o(.ARM.Collect$$libshutdown$$00000000) refers (Special) to libshutdown2.o(.ARM.Collect$$libshutdown$$00000009) for __rt_lib_shutdown_signal_1
    libshutdown.o(.ARM.Collect$$libshutdown$$00000000) refers (Special) to libshutdown2.o(.ARM.Collect$$libshutdown$$00000003) for __rt_lib_shutdown_stdio_1
    libshutdown.o(.ARM.Collect$$libshutdown$$00000000) refers (Special) to libshutdown2.o(.ARM.Collect$$libshutdown$$0000000B) for __rt_lib_shutdown_user_alloc_1


==============================================================================

Removing Unused input sections from the image.

    Removing system_mkl25z4.o(.rev16_text), (4 bytes).
    Removing system_mkl25z4.o(.revsh_text), (4 bytes).
    Removing blinky.o(.rev16_text), (4 bytes).
    Removing blinky.o(.revsh_text), (4 bytes).
    Removing blinky.o(.constdata), (20 bytes).
    Removing uart.o(.rev16_text), (4 bytes).
    Removing uart.o(.revsh_text), (4 bytes).
    Removing mkl25z_i2c.o(.rev16_text), (4 bytes).
    Removing mkl25z_i2c.o(.revsh_text), (4 bytes).
    Removing vector.o(.text), (258 bytes).

10 unused section(s) (total 310 bytes) removed from the image.

==============================================================================

Image Symbol Table

    Local Symbols

    Symbol Name                              Value     Ov Type        Size  Object(Section)

    RESET                                    0x00000000   Section      192  startup_mkl25z4.o(RESET)
    ../clib/angel/boardlib.s                 0x00000000   Number         0  boardinit3.o ABSOLUTE
    ../clib/angel/boardlib.s                 0x00000000   Number         0  boardshut.o ABSOLUTE
    ../clib/angel/boardlib.s                 0x00000000   Number         0  boardinit1.o ABSOLUTE
    ../clib/angel/boardlib.s                 0x00000000   Number         0  boardinit2.o ABSOLUTE
    ../clib/angel/handlers.s                 0x00000000   Number         0  __scatter_copy.o ABSOLUTE
    ../clib/angel/handlers.s                 0x00000000   Number         0  __scatter_zi.o ABSOLUTE
    ../clib/angel/kernel.s                   0x00000000   Number         0  rtexit.o ABSOLUTE
    ../clib/angel/kernel.s                   0x00000000   Number         0  rtexit2.o ABSOLUTE
    ../clib/angel/kernel.s                   0x00000000   Number         0  __rtentry.o ABSOLUTE
    ../clib/angel/kernel.s                   0x00000000   Number         0  __rtentry4.o ABSOLUTE
    ../clib/angel/kernel.s                   0x00000000   Number         0  __rtentry2.o ABSOLUTE
    ../clib/angel/rt.s                       0x00000000   Number         0  aeabi_idiv0_sigfpe.o ABSOLUTE
    ../clib/angel/rt.s                       0x00000000   Number         0  rt_raise.o ABSOLUTE
    ../clib/angel/rt.s                       0x00000000   Number         0  aeabi_idiv0.o ABSOLUTE
    ../clib/angel/rt.s                       0x00000000   Number         0  rt_heap_descriptor.o ABSOLUTE
    ../clib/angel/rt.s                       0x00000000   Number         0  rt_heap_descriptor_intlibspace.o ABSOLUTE
    ../clib/angel/rt.s                       0x00000000   Number         0  rt_errno_addr_intlibspace.o ABSOLUTE
    ../clib/angel/rt.s                       0x00000000   Number         0  rt_errno_addr.o ABSOLUTE
    ../clib/angel/rt.s                       0x00000000   Number         0  rt_div0.o ABSOLUTE
    ../clib/angel/scatterp.s                 0x00000000   Number         0  __scatter.o ABSOLUTE
    ../clib/angel/startup.s                  0x00000000   Number         0  __main.o ABSOLUTE
    ../clib/angel/sys.s                      0x00000000   Number         0  libspace.o ABSOLUTE
    ../clib/angel/sys.s                      0x00000000   Number         0  tempstk.o ABSOLUTE
    ../clib/angel/sys.s                      0x00000000   Number         0  sys_stackheap_outer.o ABSOLUTE
    ../clib/angel/sys.s                      0x00000000   Number         0  indicate_semi.o ABSOLUTE
    ../clib/angel/sys.s                      0x00000000   Number         0  use_no_semi.o ABSOLUTE
    ../clib/angel/sys.s                      0x00000000   Number         0  mutex_dummy.o ABSOLUTE
    ../clib/angel/sysapp.c                   0x00000000   Number         0  sys_wrch.o ABSOLUTE
    ../clib/angel/sysapp.c                   0x00000000   Number         0  sys_command.o ABSOLUTE
    ../clib/angel/sysapp.c                   0x00000000   Number         0  sys_exit.o ABSOLUTE
    ../clib/armsys.c                         0x00000000   Number         0  no_argv.o ABSOLUTE
    ../clib/armsys.c                         0x00000000   Number         0  _get_argv.o ABSOLUTE
    ../clib/armsys.c                         0x00000000   Number         0  _get_argv_nomalloc.o ABSOLUTE
    ../clib/armsys.c                         0x00000000   Number         0  argv_veneer.o ABSOLUTE
    ../clib/division.s                       0x00000000   Number         0  aeabi_sdiv_div0.o ABSOLUTE
    ../clib/division.s                       0x00000000   Number         0  aeabi_sdiv.o ABSOLUTE
    ../clib/fenv.c                           0x00000000   Number         0  _rserrno.o ABSOLUTE
    ../clib/heap1.c                          0x00000000   Number         0  h1_extend_mt.o ABSOLUTE
    ../clib/heap1.c                          0x00000000   Number         0  h1_free.o ABSOLUTE
    ../clib/heap1.c                          0x00000000   Number         0  h1_realloc.o ABSOLUTE
    ../clib/heap1.c                          0x00000000   Number         0  h1_free_mt.o ABSOLUTE
    ../clib/heap1.c                          0x00000000   Number         0  h1_final.o ABSOLUTE
    ../clib/heap1.c                          0x00000000   Number         0  h1_alloc_mt.o ABSOLUTE
    ../clib/heap1.c                          0x00000000   Number         0  h1_extend.o ABSOLUTE
    ../clib/heap1.c                          0x00000000   Number         0  h1_alloc.o ABSOLUTE
    ../clib/heap1.c                          0x00000000   Number         0  h1_realloc_mt.o ABSOLUTE
    ../clib/heap1.c                          0x00000000   Number         0  h1_final_mt.o ABSOLUTE
    ../clib/heap1.c                          0x00000000   Number         0  h1_init.o ABSOLUTE
    ../clib/heap1.c                          0x00000000   Number         0  h1_init_mt.o ABSOLUTE
    ../clib/heap2.c                          0x00000000   Number         0  heap2.o ABSOLUTE
    ../clib/heap2.c                          0x00000000   Number         0  heap2mt.o ABSOLUTE
    ../clib/heap2.c                          0x00000000   Number         0  fdtree.o ABSOLUTE
    ../clib/heapalloc.c                      0x00000000   Number         0  maybetermalloc1.o ABSOLUTE
    ../clib/heapalloc.c                      0x00000000   Number         0  free.o ABSOLUTE
    ../clib/heapalloc.c                      0x00000000   Number         0  malloc.o ABSOLUTE
    ../clib/heapalloc.c                      0x00000000   Number         0  realloc.o ABSOLUTE
    ../clib/heapalloc.c                      0x00000000   Number         0  term_alloc.o ABSOLUTE
    ../clib/heapalloc.c                      0x00000000   Number         0  maybetermalloc2.o ABSOLUTE
    ../clib/heapalloc.c                      0x00000000   Number         0  init_alloc.o ABSOLUTE
    ../clib/heapalloc.c                      0x00000000   Number         0  heapstubs.o ABSOLUTE
    ../clib/heapalloc.c                      0x00000000   Number         0  maybetermalloc2.o ABSOLUTE
    ../clib/heapalloc.c                      0x00000000   Number         0  maybetermalloc1.o ABSOLUTE
    ../clib/heapalloc.c                      0x00000000   Number         0  hrguard.o ABSOLUTE
    ../clib/heapalloc.c                      0x00000000   Number         0  hguard.o ABSOLUTE
    ../clib/heapaux.c                        0x00000000   Number         0  heapauxa.o ABSOLUTE
    ../clib/heapaux.c                        0x00000000   Number         0  heapauxi.o ABSOLUTE
    ../clib/libinit.s                        0x00000000   Number         0  libshutdown.o ABSOLUTE
    ../clib/libinit.s                        0x00000000   Number         0  libinit2.o ABSOLUTE
    ../clib/libinit.s                        0x00000000   Number         0  libshutdown2.o ABSOLUTE
    ../clib/libinit.s                        0x00000000   Number         0  libinit.o ABSOLUTE
    ../clib/memcpset.c                       0x00000000   Number         0  rt_memcpy.o ABSOLUTE
    ../clib/memcpset.c                       0x00000000   Number         0  rt_memcpy.o ABSOLUTE
    ../clib/misc.s                           0x00000000   Number         0  printf_stubs.o ABSOLUTE
    ../clib/printf.c                         0x00000000   Number         0  _sputc.o ABSOLUTE
    ../clib/printf.c                         0x00000000   Number         0  __2sprintf.o ABSOLUTE
    ../clib/printf.c                         0x00000000   Number         0  noretval__2sprintf.o ABSOLUTE
    ../clib/printf.c                         0x00000000   Number         0  _printf_char_common.o ABSOLUTE
    ../clib/printf.c                         0x00000000   Number         0  __printf_nopercent.o ABSOLUTE
    ../clib/signal.c                         0x00000000   Number         0  defsig_fpe_formal.o ABSOLUTE
    ../clib/signal.c                         0x00000000   Number         0  defsig_fpe_outer.o ABSOLUTE
    ../clib/signal.c                         0x00000000   Number         0  defsig_exit.o ABSOLUTE
    ../clib/signal.c                         0x00000000   Number         0  defsig_abrt_inner.o ABSOLUTE
    ../clib/signal.c                         0x00000000   Number         0  defsig_pvfn_inner.o ABSOLUTE
    ../clib/signal.c                         0x00000000   Number         0  defsig_cppl_inner.o ABSOLUTE
    ../clib/signal.c                         0x00000000   Number         0  defsig_fpe_inner.o ABSOLUTE
    ../clib/signal.c                         0x00000000   Number         0  defsig_general.o ABSOLUTE
    ../clib/signal.c                         0x00000000   Number         0  __raise.o ABSOLUTE
    ../clib/signal.c                         0x00000000   Number         0  defsig_stak_inner.o ABSOLUTE
    ../clib/signal.c                         0x00000000   Number         0  defsig_segv_inner.o ABSOLUTE
    ../clib/signal.c                         0x00000000   Number         0  defsig_other.o ABSOLUTE
    ../clib/signal.c                         0x00000000   Number         0  defsig_rtmem_outer.o ABSOLUTE
    ../clib/signal.c                         0x00000000   Number         0  defsig_rtred_inner.o ABSOLUTE
    ../clib/signal.c                         0x00000000   Number         0  defsig_rtmem_inner.o ABSOLUTE
    ../clib/signal.c                         0x00000000   Number         0  defsig_rtmem_formal.o ABSOLUTE
    ../clib/signal.s                         0x00000000   Number         0  defsig.o ABSOLUTE
    ../clib/stdlib.c                         0x00000000   Number         0  exit.o ABSOLUTE
    ../fplib/cfplib/cmpret.c                 0x00000000   Number         0  cmpret.o ABSOLUTE
    ../fplib/cfplib/d2f.c                    0x00000000   Number         0  d2f.o ABSOLUTE
    ../fplib/cfplib/daddsub.c                0x00000000   Number         0  daddsub.o ABSOLUTE
    ../fplib/cfplib/dcmpin.c                 0x00000000   Number         0  dcmpin.o ABSOLUTE
    ../fplib/cfplib/ddiv.c                   0x00000000   Number         0  ddiv.o ABSOLUTE
    ../fplib/cfplib/dmul.c                   0x00000000   Number         0  dmul.o ABSOLUTE
    ../fplib/cfplib/dsqrt.c                  0x00000000   Number         0  dsqrt.o ABSOLUTE
    ../fplib/cfplib/f2d.c                    0x00000000   Number         0  f2d.o ABSOLUTE
    ../fplib/cfplib/fcmpin.c                 0x00000000   Number         0  fcmpin.o ABSOLUTE
    ../fplib/cfplib/fdiv.c                   0x00000000   Number         0  fdiv.o ABSOLUTE
    ../fplib/cfplib/fflt.c                   0x00000000   Number         0  dflti.o ABSOLUTE
    ../fplib/cfplib/fpinit.c                 0x00000000   Number         0  fpinit.o ABSOLUTE
    ../fplib/cfplib/nan2.c                   0x00000000   Number         0  dnan2.o ABSOLUTE
    ../fplib/cfplib/nan2.c                   0x00000000   Number         0  fnan2.o ABSOLUTE
    ../fplib/cfplib/retnan.c                 0x00000000   Number         0  retnan.o ABSOLUTE
    ../fplib/cfplib/scalbn.c                 0x00000000   Number         0  dscalbn.o ABSOLUTE
    ../fplib/dleqf6m.s                       0x00000000   Number         0  dlef.o ABSOLUTE
    ../fplib/drleqf6m.s                      0x00000000   Number         0  drlef.o ABSOLUTE
    ../fplib/faddsub6m.s                     0x00000000   Number         0  faddsub.o ABSOLUTE
    ../fplib/frleqf6m.s                      0x00000000   Number         0  frlef.o ABSOLUTE
    ../fplib/usenofp.s                       0x00000000   Number         0  usenofp.o ABSOLUTE
    ../mathlib/acos.c                        0x00000000   Number         0  acos_x.o ABSOLUTE
    ../mathlib/acos.c                        0x00000000   Number         0  acos.o ABSOLUTE
    ../mathlib/dunder.c                      0x00000000   Number         0  dunder.o ABSOLUTE
    ../mathlib/fpclassify.c                  0x00000000   Number         0  fpclassify.o ABSOLUTE
    ../mathlib/poly.c                        0x00000000   Number         0  poly.o ABSOLUTE
    ../mathlib/pow.c                         0x00000000   Number         0  pow_x.o ABSOLUTE
    ../mathlib/pow.c                         0x00000000   Number         0  pow.o ABSOLUTE
    ../mathlib/qnan.c                        0x00000000   Number         0  qnan.o ABSOLUTE
    ../mathlib/sqrt.c                        0x00000000   Number         0  sqrt_x.o ABSOLUTE
    ../mathlib/sqrt.c                        0x00000000   Number         0  sqrt.o ABSOLUTE
    Blinky.c                                 0x00000000   Number         0  blinky.o ABSOLUTE
    Blinky.c                                 0x00000000   Number         0  blinky.o ABSOLUTE
    MKL25z_I2C.c                             0x00000000   Number         0  mkl25z_i2c.o ABSOLUTE
    MKL25z_I2C.c                             0x00000000   Number         0  mkl25z_i2c.o ABSOLUTE
    dc.s                                     0x00000000   Number         0  dc.o ABSOLUTE
    startup_MKL25Z4.s                        0x00000000   Number         0  startup_mkl25z4.o ABSOLUTE
    system_MKL25Z4.c                         0x00000000   Number         0  system_mkl25z4.o ABSOLUTE
    system_MKL25Z4.c                         0x00000000   Number         0  system_mkl25z4.o ABSOLUTE
    uart.c                                   0x00000000   Number         0  uart.o ABSOLUTE
    uart.c                                   0x00000000   Number         0  uart.o ABSOLUTE
    vector.c                                 0x00000000   Number         0  vector.o ABSOLUTE
    !!!main                                  0x000000c0   Section        8  __main.o(!!!main)
    !!!scatter                               0x000000c8   Section       60  __scatter.o(!!!scatter)
    !!handler_copy                           0x00000104   Section       26  __scatter_copy.o(!!handler_copy)
    !!handler_zi                             0x00000120   Section       28  __scatter_zi.o(!!handler_zi)
    .ARM.Collect$$libinit$$00000000          0x0000013c   Section        2  libinit.o(.ARM.Collect$$libinit$$00000000)
    .ARM.Collect$$libinit$$00000002          0x0000013e   Section        0  libinit2.o(.ARM.Collect$$libinit$$00000002)
    .ARM.Collect$$libinit$$00000004          0x0000013e   Section        0  libinit2.o(.ARM.Collect$$libinit$$00000004)
    .ARM.Collect$$libinit$$0000000A          0x0000013e   Section        0  libinit2.o(.ARM.Collect$$libinit$$0000000A)
    .ARM.Collect$$libinit$$0000000C          0x0000013e   Section        0  libinit2.o(.ARM.Collect$$libinit$$0000000C)
    .ARM.Collect$$libinit$$0000000E          0x0000013e   Section        0  libinit2.o(.ARM.Collect$$libinit$$0000000E)
    .ARM.Collect$$libinit$$00000011          0x0000013e   Section        0  libinit2.o(.ARM.Collect$$libinit$$00000011)
    .ARM.Collect$$libinit$$00000013          0x0000013e   Section        0  libinit2.o(.ARM.Collect$$libinit$$00000013)
    .ARM.Collect$$libinit$$00000015          0x0000013e   Section        0  libinit2.o(.ARM.Collect$$libinit$$00000015)
    .ARM.Collect$$libinit$$00000017          0x0000013e   Section        0  libinit2.o(.ARM.Collect$$libinit$$00000017)
    .ARM.Collect$$libinit$$00000019          0x0000013e   Section        0  libinit2.o(.ARM.Collect$$libinit$$00000019)
    .ARM.Collect$$libinit$$0000001B          0x0000013e   Section        0  libinit2.o(.ARM.Collect$$libinit$$0000001B)
    .ARM.Collect$$libinit$$0000001D          0x0000013e   Section        0  libinit2.o(.ARM.Collect$$libinit$$0000001D)
    .ARM.Collect$$libinit$$0000001F          0x0000013e   Section        0  libinit2.o(.ARM.Collect$$libinit$$0000001F)
    .ARM.Collect$$libinit$$00000021          0x0000013e   Section        0  libinit2.o(.ARM.Collect$$libinit$$00000021)
    .ARM.Collect$$libinit$$00000023          0x0000013e   Section        0  libinit2.o(.ARM.Collect$$libinit$$00000023)
    .ARM.Collect$$libinit$$00000025          0x0000013e   Section        0  libinit2.o(.ARM.Collect$$libinit$$00000025)
    .ARM.Collect$$libinit$$0000002C          0x0000013e   Section        0  libinit2.o(.ARM.Collect$$libinit$$0000002C)
    .ARM.Collect$$libinit$$0000002E          0x0000013e   Section        0  libinit2.o(.ARM.Collect$$libinit$$0000002E)
    .ARM.Collect$$libinit$$00000030          0x0000013e   Section        0  libinit2.o(.ARM.Collect$$libinit$$00000030)
    .ARM.Collect$$libinit$$00000032          0x0000013e   Section        0  libinit2.o(.ARM.Collect$$libinit$$00000032)
    .ARM.Collect$$libinit$$00000033          0x0000013e   Section        2  libinit2.o(.ARM.Collect$$libinit$$00000033)
    .ARM.Collect$$libshutdown$$00000000      0x00000140   Section        2  libshutdown.o(.ARM.Collect$$libshutdown$$00000000)
    .ARM.Collect$$libshutdown$$00000003      0x00000142   Section        0  libshutdown2.o(.ARM.Collect$$libshutdown$$00000003)
    .ARM.Collect$$libshutdown$$00000006      0x00000142   Section        0  libshutdown2.o(.ARM.Collect$$libshutdown$$00000006)
    .ARM.Collect$$libshutdown$$00000009      0x00000142   Section        0  libshutdown2.o(.ARM.Collect$$libshutdown$$00000009)
    .ARM.Collect$$libshutdown$$0000000B      0x00000142   Section        0  libshutdown2.o(.ARM.Collect$$libshutdown$$0000000B)
    .ARM.Collect$$libshutdown$$0000000E      0x00000142   Section        0  libshutdown2.o(.ARM.Collect$$libshutdown$$0000000E)
    .ARM.Collect$$libshutdown$$0000000F      0x00000142   Section        2  libshutdown2.o(.ARM.Collect$$libshutdown$$0000000F)
    .ARM.Collect$$rtentry$$00000000          0x00000144   Section        0  __rtentry.o(.ARM.Collect$$rtentry$$00000000)
    .ARM.Collect$$rtentry$$00000002          0x00000144   Section        0  __rtentry2.o(.ARM.Collect$$rtentry$$00000002)
    .ARM.Collect$$rtentry$$00000004          0x00000144   Section        6  __rtentry4.o(.ARM.Collect$$rtentry$$00000004)
    .ARM.Collect$$rtentry$$00000009          0x0000014a   Section        0  __rtentry2.o(.ARM.Collect$$rtentry$$00000009)
    .ARM.Collect$$rtentry$$0000000A          0x0000014a   Section        4  __rtentry2.o(.ARM.Collect$$rtentry$$0000000A)
    .ARM.Collect$$rtentry$$0000000C          0x0000014e   Section        0  __rtentry2.o(.ARM.Collect$$rtentry$$0000000C)
    .ARM.Collect$$rtentry$$0000000D          0x0000014e   Section        8  __rtentry2.o(.ARM.Collect$$rtentry$$0000000D)
    .ARM.Collect$$rtexit$$00000000           0x00000156   Section        2  rtexit.o(.ARM.Collect$$rtexit$$00000000)
    .ARM.Collect$$rtexit$$00000002           0x00000158   Section        0  rtexit2.o(.ARM.Collect$$rtexit$$00000002)
    .ARM.Collect$$rtexit$$00000003           0x00000158   Section        4  rtexit2.o(.ARM.Collect$$rtexit$$00000003)
    .ARM.Collect$$rtexit$$00000004           0x0000015c   Section        6  rtexit2.o(.ARM.Collect$$rtexit$$00000004)
    .text                                    0x00000164   Section        0  system_mkl25z4.o(.text)
    .text                                    0x0000031c   Section       52  startup_mkl25z4.o(.text)
    .text                                    0x00000350   Section        0  __2sprintf.o(.text)
    .text                                    0x0000037c   Section        0  heapauxi.o(.text)
    .text                                    0x00000384   Section        0  d2f.o(.text)
    .ARM.__at_0x400                          0x00000400   Section       16  startup_mkl25z4.o(.ARM.__at_0x400)
    .text                                    0x00000410   Section        0  blinky.o(.text)
    NVIC_SetPriority                         0x00000a67   Thumb Code   110  blinky.o(.text)
    .text                                    0x00000b34   Section        0  uart.o(.text)
    .text                                    0x00000cd8   Section        0  mkl25z_i2c.o(.text)
    .text                                    0x00000ee0   Section      346  aeabi_sdiv.o(.text)
    .text                                    0x0000103c   Section        0  daddsub.o(.text)
    _dadd1                                   0x0000103d   Thumb Code   290  daddsub.o(.text)
    _dsub1                                   0x0000115f   Thumb Code   470  daddsub.o(.text)
    .text                                    0x00001394   Section        0  ddiv.o(.text)
    .text                                    0x000017dc   Section        0  dflti.o(.text)
    .text                                    0x00001834   Section        0  f2d.o(.text)
    .text                                    0x00001888   Section        0  fdiv.o(.text)
    .text                                    0x000019e8   Section        0  _rserrno.o(.text)
    .text                                    0x00001a00   Section        0  _printf_char_common.o(.text)
    _printf_input_char                       0x00001a01   Thumb Code    10  _printf_char_common.o(.text)
    .text                                    0x00001a30   Section        0  _sputc.o(.text)
    .text                                    0x00001a3c   Section        0  dmul.o(.text)
    .text                                    0x00001c84   Section        0  dscalbn.o(.text)
    .text                                    0x00001ce4   Section        0  dsqrt.o(.text)
    .text                                    0x00001de4   Section        0  fcmpin.o(.text)
    .text                                    0x00001e48   Section        8  libspace.o(.text)
    .text                                    0x00001e50   Section        8  rt_errno_addr_intlibspace.o(.text)
    .text                                    0x00001e58   Section        0  __printf_nopercent.o(.text)
    .text                                    0x00001e7c   Section        0  cmpret.o(.text)
    .text                                    0x00001eac   Section        0  dcmpin.o(.text)
    .text                                    0x00001f3c   Section        0  fnan2.o(.text)
    .text                                    0x00001f4c   Section        2  use_no_semi.o(.text)
    .text                                    0x00001f4e   Section       62  sys_stackheap_outer.o(.text)
    .text                                    0x00001f4e   Section        0  indicate_semi.o(.text)
    .text                                    0x00001f8c   Section        0  exit.o(.text)
    .text                                    0x00001f98   Section        0  dnan2.o(.text)
    .text                                    0x00001fac   Section        0  retnan.o(.text)
    .text                                    0x0000200c   Section        0  sys_exit.o(.text)
    i.__ARM_common_switch8                   0x00002018   Section        0  system_mkl25z4.o(i.__ARM_common_switch8)
    i.__ARM_fpclassify                       0x00002034   Section        0  fpclassify.o(i.__ARM_fpclassify)
    i.__kernel_poly                          0x00002060   Section        0  poly.o(i.__kernel_poly)
    i.__mathlib_dbl_divzero                  0x0000210c   Section        0  dunder.o(i.__mathlib_dbl_divzero)
    i.__mathlib_dbl_infnan                   0x00002120   Section        0  dunder.o(i.__mathlib_dbl_infnan)
    i.__mathlib_dbl_infnan2                  0x0000212a   Section        0  dunder.o(i.__mathlib_dbl_infnan2)
    i.__mathlib_dbl_invalid                  0x00002132   Section        0  dunder.o(i.__mathlib_dbl_invalid)
    i.__mathlib_dbl_overflow                 0x00002144   Section        0  dunder.o(i.__mathlib_dbl_overflow)
    i.__mathlib_dbl_underflow                0x00002158   Section        0  dunder.o(i.__mathlib_dbl_underflow)
    i.acos                                   0x0000216c   Section        0  acos.o(i.acos)
    i.pow                                    0x000023d4   Section        0  pow.o(i.pow)
    i.sqrt                                   0x00002d54   Section        0  sqrt.o(i.sqrt)
    x$fpl$drleqf                             0x00002d9c   Section      104  drlef.o(x$fpl$drleqf)
    x$fpl$fadd                               0x00002e04   Section      140  faddsub.o(x$fpl$fadd)
    _fadd1                                   0x00002e11   Thumb Code     0  faddsub.o(x$fpl$fadd)
    x$fpl$frleqf                             0x00002e90   Section       88  frlef.o(x$fpl$frleqf)
    x$fpl$fsub                               0x00002ee8   Section      208  faddsub.o(x$fpl$fsub)
    _fsub1                                   0x00002ef5   Thumb Code     0  faddsub.o(x$fpl$fsub)
    .constdata                               0x00002fb8   Section      128  ddiv.o(.constdata)
    x$fpl$usenofp                            0x00002fb8   Section        0  usenofp.o(x$fpl$usenofp)
    ddiv_reciptbl                            0x00002fb8   Data         128  ddiv.o(.constdata)
    .constdata                               0x00003038   Section       64  fdiv.o(.constdata)
    fdiv_tab                                 0x00003038   Data          64  fdiv.o(.constdata)
    .constdata                               0x00003078   Section       80  acos.o(.constdata)
    pS                                       0x00003078   Data          48  acos.o(.constdata)
    qS                                       0x000030a8   Data          32  acos.o(.constdata)
    .constdata                               0x000030c8   Section      136  pow.o(.constdata)
    bp                                       0x000030c8   Data          16  pow.o(.constdata)
    dp_h                                     0x000030d8   Data          16  pow.o(.constdata)
    dp_l                                     0x000030e8   Data          16  pow.o(.constdata)
    L                                        0x000030f8   Data          48  pow.o(.constdata)
    P                                        0x00003128   Data          40  pow.o(.constdata)
    .constdata                               0x00003150   Section        8  qnan.o(.constdata)
    .data                                    0x1ffff800   Section        4  system_mkl25z4.o(.data)
    .data                                    0x1ffff804   Section        4  blinky.o(.data)
    .bss                                     0x1ffff808   Section      400  blinky.o(.bss)
    .bss                                     0x1ffff998   Section       96  libspace.o(.bss)
    HEAP                                     0x1ffff9f8   Section        0  startup_mkl25z4.o(HEAP)
    STACK                                    0x1ffff9f8   Section     1024  startup_mkl25z4.o(STACK)
    Heap_Mem                                 0x1ffff9f8   Data           0  startup_mkl25z4.o(HEAP)
    Stack_Mem                                0x1ffff9f8   Data        1024  startup_mkl25z4.o(STACK)
    __initial_sp                             0x1ffffdf8   Data           0  startup_mkl25z4.o(STACK)

    Global Symbols

    Symbol Name                              Value     Ov Type        Size  Object(Section)

    BuildAttributes$$THM_ISAv3M$S$PE$A:L22$X:L11$S22$IEEE1$IW$USESV6$~STKCKD$USESV7$~SHL$OTIME$ROPI$IEEEX$EBA8$UX$STANDARDLIB$REQ8$PRES8$EABIv2 0x00000000   Number         0  anon$$obj.o ABSOLUTE
    __ARM_use_no_argv                        0x00000000   Number         0  blinky.o ABSOLUTE
    __Vectors                                0x00000000   Data           4  startup_mkl25z4.o(RESET)
    _printf_flags                            0x00000000   Number         0  printf_stubs.o ABSOLUTE
    _printf_return_value                     0x00000000   Number         0  printf_stubs.o ABSOLUTE
    _printf_sizespec                         0x00000000   Number         0  printf_stubs.o ABSOLUTE
    _printf_widthprec                        0x00000000   Number         0  printf_stubs.o ABSOLUTE
    __ARM_exceptions_init                     - Undefined Weak Reference
    __alloca_initialize                       - Undefined Weak Reference
    __arm_preinit_                            - Undefined Weak Reference
    __cpp_initialize__aeabi_                  - Undefined Weak Reference
    __cxa_finalize                            - Undefined Weak Reference
    __rt_locale                               - Undefined Weak Reference
    __sigvec_lookup                           - Undefined Weak Reference
    __user_heap_extent                        - Undefined Weak Reference
    _atexit_init                              - Undefined Weak Reference
    _call_atexit_fns                          - Undefined Weak Reference
    _clock_init                               - Undefined Weak Reference
    _fp_trap_init                             - Undefined Weak Reference
    _fp_trap_shutdown                         - Undefined Weak Reference
    _get_lc_collate                           - Undefined Weak Reference
    _get_lc_ctype                             - Undefined Weak Reference
    _get_lc_monetary                          - Undefined Weak Reference
    _get_lc_numeric                           - Undefined Weak Reference
    _get_lc_time                              - Undefined Weak Reference
    _getenv_init                              - Undefined Weak Reference
    _handle_redirection                       - Undefined Weak Reference
    _initio                                   - Undefined Weak Reference
    _mutex_acquire                            - Undefined Weak Reference
    _mutex_free                               - Undefined Weak Reference
    _mutex_release                            - Undefined Weak Reference
    _rand_init                                - Undefined Weak Reference
    _signal_finish                            - Undefined Weak Reference
    _signal_init                              - Undefined Weak Reference
    _terminateio                              - Undefined Weak Reference
    __Vectors_End                            0x000000c0   Data           0  startup_mkl25z4.o(RESET)
    __Vectors_Size                           0x000000c0   Number         0  startup_mkl25z4.o ABSOLUTE
    __main                                   0x000000c1   Thumb Code     8  __main.o(!!!main)
    __scatterload                            0x000000c9   Thumb Code     0  __scatter.o(!!!scatter)
    __scatterload_rt2                        0x000000c9   Thumb Code    52  __scatter.o(!!!scatter)
    __scatterload_rt2_thumb_only             0x000000c9   Thumb Code     0  __scatter.o(!!!scatter)
    __scatterload_null                       0x000000d9   Thumb Code     0  __scatter.o(!!!scatter)
    __scatterload_copy                       0x00000105   Thumb Code    26  __scatter_copy.o(!!handler_copy)
    __scatterload_zeroinit                   0x00000121   Thumb Code    28  __scatter_zi.o(!!handler_zi)
    __rt_lib_init                            0x0000013d   Thumb Code     0  libinit.o(.ARM.Collect$$libinit$$00000000)
    __rt_lib_init_alloca_1                   0x0000013f   Thumb Code     0  libinit2.o(.ARM.Collect$$libinit$$0000002E)
    __rt_lib_init_argv_1                     0x0000013f   Thumb Code     0  libinit2.o(.ARM.Collect$$libinit$$0000002C)
    __rt_lib_init_atexit_1                   0x0000013f   Thumb Code     0  libinit2.o(.ARM.Collect$$libinit$$0000001B)
    __rt_lib_init_clock_1                    0x0000013f   Thumb Code     0  libinit2.o(.ARM.Collect$$libinit$$00000021)
    __rt_lib_init_cpp_1                      0x0000013f   Thumb Code     0  libinit2.o(.ARM.Collect$$libinit$$00000032)
    __rt_lib_init_exceptions_1               0x0000013f   Thumb Code     0  libinit2.o(.ARM.Collect$$libinit$$00000030)
    __rt_lib_init_fp_1                       0x0000013f   Thumb Code     0  libinit2.o(.ARM.Collect$$libinit$$00000002)
    __rt_lib_init_fp_trap_1                  0x0000013f   Thumb Code     0  libinit2.o(.ARM.Collect$$libinit$$0000001F)
    __rt_lib_init_getenv_1                   0x0000013f   Thumb Code     0  libinit2.o(.ARM.Collect$$libinit$$00000023)
    __rt_lib_init_heap_1                     0x0000013f   Thumb Code     0  libinit2.o(.ARM.Collect$$libinit$$0000000A)
    __rt_lib_init_lc_collate_1               0x0000013f   Thumb Code     0  libinit2.o(.ARM.Collect$$libinit$$00000011)
    __rt_lib_init_lc_ctype_1                 0x0000013f   Thumb Code     0  libinit2.o(.ARM.Collect$$libinit$$00000013)
    __rt_lib_init_lc_monetary_1              0x0000013f   Thumb Code     0  libinit2.o(.ARM.Collect$$libinit$$00000015)
    __rt_lib_init_lc_numeric_1               0x0000013f   Thumb Code     0  libinit2.o(.ARM.Collect$$libinit$$00000017)
    __rt_lib_init_lc_time_1                  0x0000013f   Thumb Code     0  libinit2.o(.ARM.Collect$$libinit$$00000019)
    __rt_lib_init_preinit_1                  0x0000013f   Thumb Code     0  libinit2.o(.ARM.Collect$$libinit$$00000004)
    __rt_lib_init_rand_1                     0x0000013f   Thumb Code     0  libinit2.o(.ARM.Collect$$libinit$$0000000E)
    __rt_lib_init_return                     0x0000013f   Thumb Code     0  libinit2.o(.ARM.Collect$$libinit$$00000033)
    __rt_lib_init_signal_1                   0x0000013f   Thumb Code     0  libinit2.o(.ARM.Collect$$libinit$$0000001D)
    __rt_lib_init_stdio_1                    0x0000013f   Thumb Code     0  libinit2.o(.ARM.Collect$$libinit$$00000025)
    __rt_lib_init_user_alloc_1               0x0000013f   Thumb Code     0  libinit2.o(.ARM.Collect$$libinit$$0000000C)
    __rt_lib_shutdown                        0x00000141   Thumb Code     0  libshutdown.o(.ARM.Collect$$libshutdown$$00000000)
    __rt_lib_shutdown_fp_trap_1              0x00000143   Thumb Code     0  libshutdown2.o(.ARM.Collect$$libshutdown$$00000006)
    __rt_lib_shutdown_heap_1                 0x00000143   Thumb Code     0  libshutdown2.o(.ARM.Collect$$libshutdown$$0000000E)
    __rt_lib_shutdown_return                 0x00000143   Thumb Code     0  libshutdown2.o(.ARM.Collect$$libshutdown$$0000000F)
    __rt_lib_shutdown_signal_1               0x00000143   Thumb Code     0  libshutdown2.o(.ARM.Collect$$libshutdown$$00000009)
    __rt_lib_shutdown_stdio_1                0x00000143   Thumb Code     0  libshutdown2.o(.ARM.Collect$$libshutdown$$00000003)
    __rt_lib_shutdown_user_alloc_1           0x00000143   Thumb Code     0  libshutdown2.o(.ARM.Collect$$libshutdown$$0000000B)
    __rt_entry                               0x00000145   Thumb Code     0  __rtentry.o(.ARM.Collect$$rtentry$$00000000)
    __rt_entry_presh_1                       0x00000145   Thumb Code     0  __rtentry2.o(.ARM.Collect$$rtentry$$00000002)
    __rt_entry_sh                            0x00000145   Thumb Code     0  __rtentry4.o(.ARM.Collect$$rtentry$$00000004)
    __rt_entry_li                            0x0000014b   Thumb Code     0  __rtentry2.o(.ARM.Collect$$rtentry$$0000000A)
    __rt_entry_postsh_1                      0x0000014b   Thumb Code     0  __rtentry2.o(.ARM.Collect$$rtentry$$00000009)
    __rt_entry_main                          0x0000014f   Thumb Code     0  __rtentry2.o(.ARM.Collect$$rtentry$$0000000D)
    __rt_entry_postli_1                      0x0000014f   Thumb Code     0  __rtentry2.o(.ARM.Collect$$rtentry$$0000000C)
    __rt_exit                                0x00000157   Thumb Code     0  rtexit.o(.ARM.Collect$$rtexit$$00000000)
    __rt_exit_ls                             0x00000159   Thumb Code     0  rtexit2.o(.ARM.Collect$$rtexit$$00000003)
    __rt_exit_prels_1                        0x00000159   Thumb Code     0  rtexit2.o(.ARM.Collect$$rtexit$$00000002)
    __rt_exit_exit                           0x0000015d   Thumb Code     0  rtexit2.o(.ARM.Collect$$rtexit$$00000004)
    SystemInit                               0x00000165   Thumb Code    86  system_mkl25z4.o(.text)
    SystemCoreClockUpdate                    0x000001bb   Thumb Code   322  system_mkl25z4.o(.text)
    Reset_Handler                            0x0000031d   Thumb Code     8  startup_mkl25z4.o(.text)
    NMI_Handler                              0x00000325   Thumb Code     2  startup_mkl25z4.o(.text)
    HardFault_Handler                        0x00000327   Thumb Code     2  startup_mkl25z4.o(.text)
    SVC_Handler                              0x00000329   Thumb Code     2  startup_mkl25z4.o(.text)
    PendSV_Handler                           0x0000032b   Thumb Code     2  startup_mkl25z4.o(.text)
    ADC0_IRQHandler                          0x0000032f   Thumb Code     0  startup_mkl25z4.o(.text)
    CMP0_IRQHandler                          0x0000032f   Thumb Code     0  startup_mkl25z4.o(.text)
    DAC0_IRQHandler                          0x0000032f   Thumb Code     0  startup_mkl25z4.o(.text)
    DMA0_IRQHandler                          0x0000032f   Thumb Code     0  startup_mkl25z4.o(.text)
    DMA1_IRQHandler                          0x0000032f   Thumb Code     0  startup_mkl25z4.o(.text)
    DMA2_IRQHandler                          0x0000032f   Thumb Code     0  startup_mkl25z4.o(.text)
    DMA3_IRQHandler                          0x0000032f   Thumb Code     0  startup_mkl25z4.o(.text)
    DefaultISR                               0x0000032f   Thumb Code     0  startup_mkl25z4.o(.text)
    FTFA_IRQHandler                          0x0000032f   Thumb Code     0  startup_mkl25z4.o(.text)
    I2C0_IRQHandler                          0x0000032f   Thumb Code     0  startup_mkl25z4.o(.text)
    I2C1_IRQHandler                          0x0000032f   Thumb Code     0  startup_mkl25z4.o(.text)
    LLW_IRQHandler                           0x0000032f   Thumb Code     0  startup_mkl25z4.o(.text)
    LPTimer_IRQHandler                       0x0000032f   Thumb Code     0  startup_mkl25z4.o(.text)
    LVD_LVW_IRQHandler                       0x0000032f   Thumb Code     0  startup_mkl25z4.o(.text)
    MCG_IRQHandler                           0x0000032f   Thumb Code     0  startup_mkl25z4.o(.text)
    PIT_IRQHandler                           0x0000032f   Thumb Code     0  startup_mkl25z4.o(.text)
    PORTA_IRQHandler                         0x0000032f   Thumb Code     0  startup_mkl25z4.o(.text)
    PORTD_IRQHandler                         0x0000032f   Thumb Code     0  startup_mkl25z4.o(.text)
    RTC_IRQHandler                           0x0000032f   Thumb Code     0  startup_mkl25z4.o(.text)
    RTC_Seconds_IRQHandler                   0x0000032f   Thumb Code     0  startup_mkl25z4.o(.text)
    Reserved20_IRQHandler                    0x0000032f   Thumb Code     0  startup_mkl25z4.o(.text)
    Reserved39_IRQHandler                    0x0000032f   Thumb Code     0  startup_mkl25z4.o(.text)
    Reserved45_IRQHandler                    0x0000032f   Thumb Code     0  startup_mkl25z4.o(.text)
    SPI0_IRQHandler                          0x0000032f   Thumb Code     0  startup_mkl25z4.o(.text)
    SPI1_IRQHandler                          0x0000032f   Thumb Code     0  startup_mkl25z4.o(.text)
    TPM0_IRQHandler                          0x0000032f   Thumb Code     0  startup_mkl25z4.o(.text)
    TPM1_IRQHandler                          0x0000032f   Thumb Code     0  startup_mkl25z4.o(.text)
    TPM2_IRQHandler                          0x0000032f   Thumb Code     0  startup_mkl25z4.o(.text)
    TSI0_IRQHandler                          0x0000032f   Thumb Code     0  startup_mkl25z4.o(.text)
    UART0_IRQHandler                         0x0000032f   Thumb Code     0  startup_mkl25z4.o(.text)
    UART1_IRQHandler                         0x0000032f   Thumb Code     0  startup_mkl25z4.o(.text)
    UART2_IRQHandler                         0x0000032f   Thumb Code     0  startup_mkl25z4.o(.text)
    USB0_IRQHandler                          0x0000032f   Thumb Code     0  startup_mkl25z4.o(.text)
    __user_initial_stackheap                 0x00000331   Thumb Code     0  startup_mkl25z4.o(.text)
    __2sprintf                               0x00000351   Thumb Code    40  __2sprintf.o(.text)
    __use_two_region_memory                  0x0000037d   Thumb Code     2  heapauxi.o(.text)
    __rt_heap_escrow                         0x0000037f   Thumb Code     2  heapauxi.o(.text)
    __rt_heap_expand                         0x00000381   Thumb Code     2  heapauxi.o(.text)
    __aeabi_d2f                              0x00000385   Thumb Code     0  d2f.o(.text)
    _d2f                                     0x00000385   Thumb Code   120  d2f.o(.text)
    average                                  0x00000411   Thumb Code    42  blinky.o(.text)
    first_average                            0x0000043b   Thumb Code    42  blinky.o(.text)
    last_average                             0x00000465   Thumb Code    42  blinky.o(.text)
    stddev                                   0x0000048f   Thumb Code   124  blinky.o(.text)
    first_stddev                             0x0000050b   Thumb Code   124  blinky.o(.text)
    last_stddev                              0x00000587   Thumb Code   124  blinky.o(.text)
    READ_adxl                                0x00000603   Thumb Code   464  blinky.o(.text)
    falldetected                             0x000007d3   Thumb Code   378  blinky.o(.text)
    SysTick_Handler                          0x0000094d   Thumb Code    12  blinky.o(.text)
    main                                     0x00000959   Thumb Code   270  blinky.o(.text)
    uart0_init                               0x00000b35   Thumb Code   356  uart.o(.text)
    uart0_getchar                            0x00000c99   Thumb Code    20  uart.o(.text)
    uart0_putchar                            0x00000cad   Thumb Code    20  uart.o(.text)
    uart0_getchar_present                    0x00000cc1   Thumb Code    10  uart.o(.text)
    i2c_start                                0x00000cd9   Thumb Code    54  mkl25z_i2c.o(.text)
    i2c_stop                                 0x00000d0f   Thumb Code    52  mkl25z_i2c.o(.text)
    i2c_wait_end_tx_transfer                 0x00000d43   Thumb Code    34  mkl25z_i2c.o(.text)
    i2c_wait_end_rx_transfer                 0x00000d65   Thumb Code    28  mkl25z_i2c.o(.text)
    i2c_send_nack                            0x00000d81   Thumb Code    14  mkl25z_i2c.o(.text)
    i2c_send_ack                             0x00000d8f   Thumb Code    14  mkl25z_i2c.o(.text)
    i2c_do_write                             0x00000d9d   Thumb Code    14  mkl25z_i2c.o(.text)
    i2c_do_read                              0x00000dab   Thumb Code    32  mkl25z_i2c.o(.text)
    I2C_configure                            0x00000dcb   Thumb Code    36  mkl25z_i2c.o(.text)
    I2C_send                                 0x00000def   Thumb Code    74  mkl25z_i2c.o(.text)
    I2C_read                                 0x00000e39   Thumb Code   144  mkl25z_i2c.o(.text)
    I2C_powerDown                            0x00000ec9   Thumb Code    14  mkl25z_i2c.o(.text)
    __aeabi_uidiv                            0x00000ee1   Thumb Code     0  aeabi_sdiv.o(.text)
    __aeabi_uidivmod                         0x00000ee1   Thumb Code    20  aeabi_sdiv.o(.text)
    __aeabi_idiv                             0x00000ef5   Thumb Code     0  aeabi_sdiv.o(.text)
    __aeabi_idivmod                          0x00000ef5   Thumb Code   326  aeabi_sdiv.o(.text)
    __aeabi_dadd                             0x00001335   Thumb Code     0  daddsub.o(.text)
    _dadd                                    0x00001335   Thumb Code    26  daddsub.o(.text)
    __aeabi_dsub                             0x0000134f   Thumb Code     0  daddsub.o(.text)
    _dsub                                    0x0000134f   Thumb Code    22  daddsub.o(.text)
    __aeabi_drsub                            0x00001365   Thumb Code     0  daddsub.o(.text)
    _drsb                                    0x00001365   Thumb Code    28  daddsub.o(.text)
    __aeabi_ddiv                             0x00001395   Thumb Code     0  ddiv.o(.text)
    _ddiv                                    0x00001395   Thumb Code  1072  ddiv.o(.text)
    _drdiv                                   0x000017c5   Thumb Code    20  ddiv.o(.text)
    __aeabi_i2d_normalise                    0x000017dd   Thumb Code    66  dflti.o(.text)
    __aeabi_i2d                              0x0000181f   Thumb Code    16  dflti.o(.text)
    _dflt                                    0x0000181f   Thumb Code     0  dflti.o(.text)
    __aeabi_ui2d                             0x0000182f   Thumb Code     6  dflti.o(.text)
    _dfltu                                   0x0000182f   Thumb Code     0  dflti.o(.text)
    __aeabi_f2d                              0x00001835   Thumb Code     0  f2d.o(.text)
    _f2d                                     0x00001835   Thumb Code    80  f2d.o(.text)
    __aeabi_fdiv                             0x00001889   Thumb Code     0  fdiv.o(.text)
    _fdiv                                    0x00001889   Thumb Code   334  fdiv.o(.text)
    _frdiv                                   0x000019d7   Thumb Code     8  fdiv.o(.text)
    __read_errno                             0x000019e9   Thumb Code    10  _rserrno.o(.text)
    __set_errno                              0x000019f3   Thumb Code    12  _rserrno.o(.text)
    _printf_char_common                      0x00001a0b   Thumb Code    32  _printf_char_common.o(.text)
    _sputc                                   0x00001a31   Thumb Code    10  _sputc.o(.text)
    __aeabi_dmul                             0x00001a3d   Thumb Code     0  dmul.o(.text)
    _dmul                                    0x00001a3d   Thumb Code   558  dmul.o(.text)
    __ARM_scalbn                             0x00001c85   Thumb Code    84  dscalbn.o(.text)
    _dsqrt                                   0x00001ce5   Thumb Code   248  dsqrt.o(.text)
    __fpl_fcmp_InfNaN                        0x00001de5   Thumb Code    96  fcmpin.o(.text)
    __user_libspace                          0x00001e49   Thumb Code     8  libspace.o(.text)
    __user_perproc_libspace                  0x00001e49   Thumb Code     0  libspace.o(.text)
    __user_perthread_libspace                0x00001e49   Thumb Code     0  libspace.o(.text)
    __aeabi_errno_addr                       0x00001e51   Thumb Code     8  rt_errno_addr_intlibspace.o(.text)
    __errno$intlibspace                      0x00001e51   Thumb Code     0  rt_errno_addr_intlibspace.o(.text)
    __rt_errno_addr$intlibspace              0x00001e51   Thumb Code     0  rt_errno_addr_intlibspace.o(.text)
    __printf                                 0x00001e59   Thumb Code    36  __printf_nopercent.o(.text)
    __fpl_cmpreturn                          0x00001e7d   Thumb Code    44  cmpret.o(.text)
    __fpl_dcmp_InfNaN                        0x00001ead   Thumb Code   140  dcmpin.o(.text)
    __fpl_fcheck_NaN2                        0x00001f3d   Thumb Code    10  fnan2.o(.text)
    __I$use$semihosting                      0x00001f4d   Thumb Code     0  use_no_semi.o(.text)
    __use_no_semihosting_swi                 0x00001f4d   Thumb Code     2  use_no_semi.o(.text)
    __semihosting_library_function           0x00001f4f   Thumb Code     0  indicate_semi.o(.text)
    __user_setup_stackheap                   0x00001f4f   Thumb Code    62  sys_stackheap_outer.o(.text)
    exit                                     0x00001f8d   Thumb Code    12  exit.o(.text)
    __fpl_dcheck_NaN2                        0x00001f99   Thumb Code    14  dnan2.o(.text)
    __fpl_return_NaN                         0x00001fad   Thumb Code    94  retnan.o(.text)
    _sys_exit                                0x0000200d   Thumb Code     8  sys_exit.o(.text)
    __ARM_common_switch8                     0x00002019   Thumb Code    28  system_mkl25z4.o(i.__ARM_common_switch8)
    __ARM_fpclassify                         0x00002035   Thumb Code    40  fpclassify.o(i.__ARM_fpclassify)
    __kernel_poly                            0x00002061   Thumb Code   172  poly.o(i.__kernel_poly)
    __mathlib_dbl_divzero                    0x0000210d   Thumb Code    16  dunder.o(i.__mathlib_dbl_divzero)
    __mathlib_dbl_infnan                     0x00002121   Thumb Code    10  dunder.o(i.__mathlib_dbl_infnan)
    __mathlib_dbl_infnan2                    0x0000212b   Thumb Code     8  dunder.o(i.__mathlib_dbl_infnan2)
    __mathlib_dbl_invalid                    0x00002133   Thumb Code    16  dunder.o(i.__mathlib_dbl_invalid)
    __mathlib_dbl_overflow                   0x00002145   Thumb Code    16  dunder.o(i.__mathlib_dbl_overflow)
    __mathlib_dbl_underflow                  0x00002159   Thumb Code    14  dunder.o(i.__mathlib_dbl_underflow)
    acos                                     0x0000216d   Thumb Code   556  acos.o(i.acos)
    pow                                      0x000023d5   Thumb Code  2428  pow.o(i.pow)
    sqrt                                     0x00002d55   Thumb Code    66  sqrt.o(i.sqrt)
    __aeabi_cdrcmple                         0x00002d9d   Thumb Code     0  drlef.o(x$fpl$drleqf)
    _drcmple                                 0x00002d9d   Thumb Code   100  drlef.o(x$fpl$drleqf)
    __aeabi_fadd                             0x00002e05   Thumb Code     0  faddsub.o(x$fpl$fadd)
    _fadd                                    0x00002e05   Thumb Code   134  faddsub.o(x$fpl$fadd)
    __aeabi_cfrcmple                         0x00002e91   Thumb Code     0  frlef.o(x$fpl$frleqf)
    _frcmple                                 0x00002e91   Thumb Code    84  frlef.o(x$fpl$frleqf)
    __aeabi_fsub                             0x00002ee9   Thumb Code     0  faddsub.o(x$fpl$fsub)
    _fsub                                    0x00002ee9   Thumb Code   204  faddsub.o(x$fpl$fsub)
    __I$use$fp                               0x00002fb8   Number         0  usenofp.o(x$fpl$usenofp)
    __mathlib_zero                           0x00003150   Data           8  qnan.o(.constdata)
    Region$$Table$$Base                      0x00003158   Number         0  anon$$obj.o(Region$$Table)
    Region$$Table$$Limit                     0x00003178   Number         0  anon$$obj.o(Region$$Table)
    SystemCoreClock                          0x1ffff800   Data           4  system_mkl25z4.o(.data)
    msTicks                                  0x1ffff804   Data           4  blinky.o(.data)
    x_values                                 0x1ffff808   Data          80  blinky.o(.bss)
    y_values                                 0x1ffff858   Data          80  blinky.o(.bss)
    z_values                                 0x1ffff8a8   Data          80  blinky.o(.bss)
    sigma                                    0x1ffff8f8   Data          80  blinky.o(.bss)
    theta_z                                  0x1ffff948   Data          80  blinky.o(.bss)
    __libspace_start                         0x1ffff998   Data          96  libspace.o(.bss)
    __temporary_stack_top$libspace           0x1ffff9f8   Data           0  libspace.o(.bss)



==============================================================================

Memory Map of the image

  Image Entry point : 0x0000031d

  Load Region LR_IROM1 (Base: 0x00000000, Size: 0x00003180, Max: 0xffffffff, ABSOLUTE)

    Execution Region ER_IROM1 (Base: 0x00000000, Size: 0x00003178, Max: 0x00010000, ABSOLUTE)

    Base Addr    Size         Type   Attr      Idx    E Section Name        Object

    0x00000000   0x000000c0   Data   RO           49    RESET               startup_mkl25z4.o
    0x000000c0   0x00000008   Code   RO          259  * !!!main             c_p.l(__main.o)
    0x000000c8   0x0000003c   Code   RO          580    !!!scatter          c_p.l(__scatter.o)
    0x00000104   0x0000001a   Code   RO          582    !!handler_copy      c_p.l(__scatter_copy.o)
    0x0000011e   0x00000002   PAD
    0x00000120   0x0000001c   Code   RO          584    !!handler_zi        c_p.l(__scatter_zi.o)
    0x0000013c   0x00000002   Code   RO          515    .ARM.Collect$$libinit$$00000000  c_p.l(libinit.o)
    0x0000013e   0x00000000   Code   RO          356    .ARM.Collect$$libinit$$00000002  c_p.l(libinit2.o)
    0x0000013e   0x00000000   Code   RO          358    .ARM.Collect$$libinit$$00000004  c_p.l(libinit2.o)
    0x0000013e   0x00000000   Code   RO          361    .ARM.Collect$$libinit$$0000000A  c_p.l(libinit2.o)
    0x0000013e   0x00000000   Code   RO          363    .ARM.Collect$$libinit$$0000000C  c_p.l(libinit2.o)
    0x0000013e   0x00000000   Code   RO          365    .ARM.Collect$$libinit$$0000000E  c_p.l(libinit2.o)
    0x0000013e   0x00000000   Code   RO          368    .ARM.Collect$$libinit$$00000011  c_p.l(libinit2.o)
    0x0000013e   0x00000000   Code   RO          370    .ARM.Collect$$libinit$$00000013  c_p.l(libinit2.o)
    0x0000013e   0x00000000   Code   RO          372    .ARM.Collect$$libinit$$00000015  c_p.l(libinit2.o)
    0x0000013e   0x00000000   Code   RO          374    .ARM.Collect$$libinit$$00000017  c_p.l(libinit2.o)
    0x0000013e   0x00000000   Code   RO          376    .ARM.Collect$$libinit$$00000019  c_p.l(libinit2.o)
    0x0000013e   0x00000000   Code   RO          378    .ARM.Collect$$libinit$$0000001B  c_p.l(libinit2.o)
    0x0000013e   0x00000000   Code   RO          380    .ARM.Collect$$libinit$$0000001D  c_p.l(libinit2.o)
    0x0000013e   0x00000000   Code   RO          382    .ARM.Collect$$libinit$$0000001F  c_p.l(libinit2.o)
    0x0000013e   0x00000000   Code   RO          384    .ARM.Collect$$libinit$$00000021  c_p.l(libinit2.o)
    0x0000013e   0x00000000   Code   RO          386    .ARM.Collect$$libinit$$00000023  c_p.l(libinit2.o)
    0x0000013e   0x00000000   Code   RO          388    .ARM.Collect$$libinit$$00000025  c_p.l(libinit2.o)
    0x0000013e   0x00000000   Code   RO          392    .ARM.Collect$$libinit$$0000002C  c_p.l(libinit2.o)
    0x0000013e   0x00000000   Code   RO          394    .ARM.Collect$$libinit$$0000002E  c_p.l(libinit2.o)
    0x0000013e   0x00000000   Code   RO          396    .ARM.Collect$$libinit$$00000030  c_p.l(libinit2.o)
    0x0000013e   0x00000000   Code   RO          398    .ARM.Collect$$libinit$$00000032  c_p.l(libinit2.o)
    0x0000013e   0x00000002   Code   RO          399    .ARM.Collect$$libinit$$00000033  c_p.l(libinit2.o)
    0x00000140   0x00000002   Code   RO          577    .ARM.Collect$$libshutdown$$00000000  c_p.l(libshutdown.o)
    0x00000142   0x00000000   Code   RO          537    .ARM.Collect$$libshutdown$$00000003  c_p.l(libshutdown2.o)
    0x00000142   0x00000000   Code   RO          540    .ARM.Collect$$libshutdown$$00000006  c_p.l(libshutdown2.o)
    0x00000142   0x00000000   Code   RO          543    .ARM.Collect$$libshutdown$$00000009  c_p.l(libshutdown2.o)
    0x00000142   0x00000000   Code   RO          545    .ARM.Collect$$libshutdown$$0000000B  c_p.l(libshutdown2.o)
    0x00000142   0x00000000   Code   RO          548    .ARM.Collect$$libshutdown$$0000000E  c_p.l(libshutdown2.o)
    0x00000142   0x00000002   Code   RO          549    .ARM.Collect$$libshutdown$$0000000F  c_p.l(libshutdown2.o)
    0x00000144   0x00000000   Code   RO          313    .ARM.Collect$$rtentry$$00000000  c_p.l(__rtentry.o)
    0x00000144   0x00000000   Code   RO          438    .ARM.Collect$$rtentry$$00000002  c_p.l(__rtentry2.o)
    0x00000144   0x00000006   Code   RO          450    .ARM.Collect$$rtentry$$00000004  c_p.l(__rtentry4.o)
    0x0000014a   0x00000000   Code   RO          440    .ARM.Collect$$rtentry$$00000009  c_p.l(__rtentry2.o)
    0x0000014a   0x00000004   Code   RO          441    .ARM.Collect$$rtentry$$0000000A  c_p.l(__rtentry2.o)
    0x0000014e   0x00000000   Code   RO          443    .ARM.Collect$$rtentry$$0000000C  c_p.l(__rtentry2.o)
    0x0000014e   0x00000008   Code   RO          444    .ARM.Collect$$rtentry$$0000000D  c_p.l(__rtentry2.o)
    0x00000156   0x00000002   Code   RO          523    .ARM.Collect$$rtexit$$00000000  c_p.l(rtexit.o)
    0x00000158   0x00000000   Code   RO          553    .ARM.Collect$$rtexit$$00000002  c_p.l(rtexit2.o)
    0x00000158   0x00000004   Code   RO          554    .ARM.Collect$$rtexit$$00000003  c_p.l(rtexit2.o)
    0x0000015c   0x00000006   Code   RO          555    .ARM.Collect$$rtexit$$00000004  c_p.l(rtexit2.o)
    0x00000162   0x00000002   PAD
    0x00000164   0x000001b8   Code   RO            3    .text               system_mkl25z4.o
    0x0000031c   0x00000034   Code   RO           51  * .text               startup_mkl25z4.o
    0x00000350   0x0000002c   Code   RO          249    .text               c_p.l(__2sprintf.o)
    0x0000037c   0x00000006   Code   RO          257    .text               c_p.l(heapauxi.o)
    0x00000382   0x00000002   PAD
    0x00000384   0x0000007c   Code   RO          261    .text               fz_ps.l(d2f.o)
    0x00000400   0x00000010   Code   RO           50    .ARM.__at_0x400     startup_mkl25z4.o
    0x00000410   0x00000724   Code   RO           59    .text               blinky.o
    0x00000b34   0x000001a4   Code   RO          116    .text               uart.o
    0x00000cd8   0x00000208   Code   RO          146    .text               mkl25z_i2c.o
    0x00000ee0   0x0000015a   Code   RO          253    .text               c_p.l(aeabi_sdiv.o)
    0x0000103a   0x00000002   PAD
    0x0000103c   0x00000358   Code   RO          263    .text               fz_ps.l(daddsub.o)
    0x00001394   0x00000448   Code   RO          265    .text               fz_ps.l(ddiv.o)
    0x000017dc   0x00000058   Code   RO          268    .text               fz_ps.l(dflti.o)
    0x00001834   0x00000054   Code   RO          270    .text               fz_ps.l(f2d.o)
    0x00001888   0x00000160   Code   RO          278    .text               fz_ps.l(fdiv.o)
    0x000019e8   0x00000016   Code   RO          343    .text               c_p.l(_rserrno.o)
    0x000019fe   0x00000002   PAD
    0x00001a00   0x00000030   Code   RO          345    .text               c_p.l(_printf_char_common.o)
    0x00001a30   0x0000000a   Code   RO          347    .text               c_p.l(_sputc.o)
    0x00001a3a   0x00000002   PAD
    0x00001a3c   0x00000248   Code   RO          402    .text               fz_ps.l(dmul.o)
    0x00001c84   0x00000060   Code   RO          406    .text               fz_ps.l(dscalbn.o)
    0x00001ce4   0x00000100   Code   RO          408    .text               fz_ps.l(dsqrt.o)
    0x00001de4   0x00000064   Code   RO          410    .text               fz_ps.l(fcmpin.o)
    0x00001e48   0x00000008   Code   RO          434    .text               c_p.l(libspace.o)
    0x00001e50   0x00000008   Code   RO          457    .text               c_p.l(rt_errno_addr_intlibspace.o)
    0x00001e58   0x00000024   Code   RO          467    .text               c_p.l(__printf_nopercent.o)
    0x00001e7c   0x00000030   Code   RO          478    .text               fz_ps.l(cmpret.o)
    0x00001eac   0x00000090   Code   RO          480    .text               fz_ps.l(dcmpin.o)
    0x00001f3c   0x00000010   Code   RO          482    .text               fz_ps.l(fnan2.o)
    0x00001f4c   0x00000002   Code   RO          486    .text               c_p.l(use_no_semi.o)
    0x00001f4e   0x00000000   Code   RO          488    .text               c_p.l(indicate_semi.o)
    0x00001f4e   0x0000003e   Code   RO          489    .text               c_p.l(sys_stackheap_outer.o)
    0x00001f8c   0x0000000c   Code   RO          496    .text               c_p.l(exit.o)
    0x00001f98   0x00000014   Code   RO          516    .text               fz_ps.l(dnan2.o)
    0x00001fac   0x0000005e   Code   RO          518    .text               fz_ps.l(retnan.o)
    0x0000200a   0x00000002   PAD
    0x0000200c   0x0000000c   Code   RO          520    .text               c_p.l(sys_exit.o)
    0x00002018   0x0000001c   Code   RO           22    i.__ARM_common_switch8  system_mkl25z4.o
    0x00002034   0x0000002c   Code   RO          427    i.__ARM_fpclassify  m_ps.l(fpclassify.o)
    0x00002060   0x000000ac   Code   RO          429    i.__kernel_poly     m_ps.l(poly.o)
    0x0000210c   0x00000014   Code   RO          413    i.__mathlib_dbl_divzero  m_ps.l(dunder.o)
    0x00002120   0x0000000a   Code   RO          414    i.__mathlib_dbl_infnan  m_ps.l(dunder.o)
    0x0000212a   0x00000008   Code   RO          415    i.__mathlib_dbl_infnan2  m_ps.l(dunder.o)
    0x00002132   0x00000010   Code   RO          416    i.__mathlib_dbl_invalid  m_ps.l(dunder.o)
    0x00002142   0x00000002   PAD
    0x00002144   0x00000014   Code   RO          417    i.__mathlib_dbl_overflow  m_ps.l(dunder.o)
    0x00002158   0x00000014   Code   RO          419    i.__mathlib_dbl_underflow  m_ps.l(dunder.o)
    0x0000216c   0x00000268   Code   RO          284    i.acos              m_ps.l(acos.o)
    0x000023d4   0x00000980   Code   RO          294    i.pow               m_ps.l(pow.o)
    0x00002d54   0x00000048   Code   RO          304    i.sqrt              m_ps.l(sqrt.o)
    0x00002d9c   0x00000068   Code   RO          404    x$fpl$drleqf        fz_ps.l(drlef.o)
    0x00002e04   0x0000008c   Code   RO          272    x$fpl$fadd          fz_ps.l(faddsub.o)
    0x00002e90   0x00000058   Code   RO          281    x$fpl$frleqf        fz_ps.l(frlef.o)
    0x00002ee8   0x000000d0   Code   RO          274    x$fpl$fsub          fz_ps.l(faddsub.o)
    0x00002fb8   0x00000000   Code   RO          412    x$fpl$usenofp       fz_ps.l(usenofp.o)
    0x00002fb8   0x00000080   Data   RO          266    .constdata          fz_ps.l(ddiv.o)
    0x00003038   0x00000040   Data   RO          279    .constdata          fz_ps.l(fdiv.o)
    0x00003078   0x00000050   Data   RO          285    .constdata          m_ps.l(acos.o)
    0x000030c8   0x00000088   Data   RO          295    .constdata          m_ps.l(pow.o)
    0x00003150   0x00000008   Data   RO          431    .constdata          m_ps.l(qnan.o)
    0x00003158   0x00000020   Data   RO          578    Region$$Table       anon$$obj.o


    Execution Region RW_IRAM1 (Base: 0x1ffff800, Size: 0x000005f8, Max: 0x00000800, ABSOLUTE)

    Base Addr    Size         Type   Attr      Idx    E Section Name        Object

    0x1ffff800   0x00000004   Data   RW            4    .data               system_mkl25z4.o
    0x1ffff804   0x00000004   Data   RW           62    .data               blinky.o
    0x1ffff808   0x00000190   Zero   RW           60    .bss                blinky.o
    0x1ffff998   0x00000060   Zero   RW          435    .bss                c_p.l(libspace.o)
    0x1ffff9f8   0x00000000   Zero   RW           48    HEAP                startup_mkl25z4.o
    0x1ffff9f8   0x00000400   Zero   RW           47    STACK               startup_mkl25z4.o


==============================================================================

Image component sizes


      Code (inc. data)   RO Data    RW Data    ZI Data      Debug   Object Name

      1828        134          0          4        400     103930   blinky.o
       520         10          0          0          0       2985   mkl25z_i2c.o
        68         38        192          0       1024        796   startup_mkl25z4.o
       468         42          0          4          0       5733   system_mkl25z4.o
       420         14          0          0          0       1663   uart.o

    ----------------------------------------------------------------------
      3304        238        224          8       1424     115107   Object Totals
         0          0         32          0          0          0   (incl. Generated)
         0          0          0          0          0          0   (incl. Padding)

    ----------------------------------------------------------------------

      Code (inc. data)   RO Data    RW Data    ZI Data      Debug   Library Member Name

        44          4          0          0          0         84   __2sprintf.o
         8          0          0          0          0         68   __main.o
        36          0          0          0          0         76   __printf_nopercent.o
         0          0          0          0          0          0   __rtentry.o
        12          0          0          0          0          0   __rtentry2.o
         6          0          0          0          0          0   __rtentry4.o
        60          8          0          0          0          0   __scatter.o
        26          0          0          0          0          0   __scatter_copy.o
        28          0          0          0          0          0   __scatter_zi.o
        48          6          0          0          0         88   _printf_char_common.o
        22          0          0          0          0         92   _rserrno.o
        10          0          0          0          0         60   _sputc.o
       346          0          0          0          0         92   aeabi_sdiv.o
        12          0          0          0          0         64   exit.o
         6          0          0          0          0        136   heapauxi.o
         0          0          0          0          0          0   indicate_semi.o
         2          0          0          0          0          0   libinit.o
         2          0          0          0          0          0   libinit2.o
         2          0          0          0          0          0   libshutdown.o
         2          0          0          0          0          0   libshutdown2.o
         8          4          0          0         96         68   libspace.o
         8          4          0          0          0         68   rt_errno_addr_intlibspace.o
         2          0          0          0          0          0   rtexit.o
        10          0          0          0          0          0   rtexit2.o
        12          4          0          0          0         60   sys_exit.o
        62          0          0          0          0         80   sys_stackheap_outer.o
         2          0          0          0          0         68   use_no_semi.o
        48          4          0          0          0         60   cmpret.o
       124          4          0          0          0         72   d2f.o
       856         20          0          0          0        208   daddsub.o
       144          4          0          0          0         76   dcmpin.o
      1096         26        128          0          0        112   ddiv.o
        88          0          0          0          0         92   dflti.o
       584         26          0          0          0         84   dmul.o
        20          6          0          0          0         68   dnan2.o
       104          4          0          0          0        104   drlef.o
        96         12          0          0          0         72   dscalbn.o
       256          8          0          0          0         76   dsqrt.o
        84          4          0          0          0         60   f2d.o
       348          8          0          0          0        160   faddsub.o
       100          4          0          0          0         68   fcmpin.o
       352         10         64          0          0         92   fdiv.o
        16          6          0          0          0         68   fnan2.o
        88          4          0          0          0         76   frlef.o
        94          0          0          0          0         68   retnan.o
         0          0          0          0          0          0   usenofp.o
       616         60         80          0          0        120   acos.o
        94         14          0          0          0        408   dunder.o
        44          4          0          0          0         60   fpclassify.o
       172          0          0          0          0         76   poly.o
      2432        202        136          0          0        208   pow.o
         0          0          8          0          0          0   qnan.o
        72          6          0          0          0         76   sqrt.o

    ----------------------------------------------------------------------
      8720        466        416          0         96       3668   Library Totals
        16          0          0          0          0          0   (incl. Padding)

    ----------------------------------------------------------------------

      Code (inc. data)   RO Data    RW Data    ZI Data      Debug   Library Name

       776         30          0          0         96       1104   c_p.l
      4498        150        192          0          0       1616   fz_ps.l
      3430        286        224          0          0        948   m_ps.l

    ----------------------------------------------------------------------
      8720        466        416          0         96       3668   Library Totals

    ----------------------------------------------------------------------

==============================================================================


      Code (inc. data)   RO Data    RW Data    ZI Data      Debug   

     12024        704        640          8       1520     116611   Grand Totals
     12024        704        640          8       1520     116611   ELF Image Totals
     12024        704        640          8          0          0   ROM Totals

==============================================================================

    Total RO  Size (Code + RO Data)                12664 (  12.37kB)
    Total RW  Size (RW Data + ZI Data)              1528 (   1.49kB)
    Total ROM Size (Code + RO Data + RW Data)      12672 (  12.38kB)

==============================================================================

